test_aberturas_situadas_trocam_fontes_mas_preservam_assunto_para_retomada (testes_dialogo_situado.TestesIntegracaoSituada.test_aberturas_situadas_trocam_fontes_mas_preservam_assunto_para_retomada) ... ok
test_api_reconstroi_referencia_e_identifica_politica_sem_prova (testes_dialogo_situado.TestesIntegracaoSituada.test_api_reconstroi_referencia_e_identifica_politica_sem_prova) ... ok
test_cada_resposta_consumiu_apenas_um_turno_inclusive_recusa_resgatada (testes_dialogo_situado.TestesIntegracaoSituada.test_cada_resposta_consumiu_apenas_um_turno_inclusive_recusa_resgatada) ... ok
test_definicao_citada_usa_acervo_sem_contaminar_relato_pessoal (testes_dialogo_situado.TestesIntegracaoSituada.test_definicao_citada_usa_acervo_sem_contaminar_relato_pessoal) ... ok
test_tempo_condicional_nao_muda_memoria_nem_plano_nativo (testes_dialogo_situado.TestesIntegracaoSituada.test_tempo_condicional_nao_muda_memoria_nem_plano_nativo) ... ok
test_abertura_nativa_delimita_escopos_e_consulta_factual_suspende_ficcao (testes_dialogo_situado.TestesQuadroSituado.test_abertura_nativa_delimita_escopos_e_consulta_factual_suspende_ficcao) ... ok
test_alternativas_ordenadas_e_explicacao_da_referencia (testes_dialogo_situado.TestesQuadroSituado.test_alternativas_ordenadas_e_explicacao_da_referencia) ... ok
test_circunstancia_pode_acrescentar_fator_a_hipotese_sem_virar_prova (testes_dialogo_situado.TestesQuadroSituado.test_circunstancia_pode_acrescentar_fator_a_hipotese_sem_virar_prova) ... ok
test_citacao_premissas_e_fontes_preservam_rota (testes_dialogo_situado.TestesQuadroSituado.test_citacao_premissas_e_fontes_preservam_rota) ... ok
test_definicao_com_termo_citado_nao_exige_mencao_anterior (testes_dialogo_situado.TestesQuadroSituado.test_definicao_com_termo_citado_nao_exige_mencao_anterior) ... ok
test_fato_suspende_elipses_pessoais_e_adjetivo_nao_declara_ficcao (testes_dialogo_situado.TestesQuadroSituado.test_fato_suspende_elipses_pessoais_e_adjetivo_nao_declara_ficcao) ... ok
test_feedback_passado_nao_e_pedido_de_pergunta_e_abertura_nativa (testes_dialogo_situado.TestesQuadroSituado.test_feedback_passado_nao_e_pedido_de_pergunta_e_abertura_nativa) ... ok
test_ficcao_nao_e_evidencia_nem_fato_conhecido (testes_dialogo_situado.TestesQuadroSituado.test_ficcao_nao_e_evidencia_nem_fato_conhecido) ... ok
test_instrucao_citada_e_foco_explicito_nao_viram_comando (testes_dialogo_situado.TestesQuadroSituado.test_instrucao_citada_e_foco_explicito_nao_viram_comando) ... ok
test_mudanca_de_tema_remove_fontes_anteriores (testes_dialogo_situado.TestesQuadroSituado.test_mudanca_de_tema_remove_fontes_anteriores) ... ok
test_novo_tema_com_verbo_inedito_nao_depende_de_catalogo (testes_dialogo_situado.TestesQuadroSituado.test_novo_tema_com_verbo_inedito_nao_depende_de_catalogo) ... ok
test_objetivo_e_disponibilidade_compatíveis_com_memoria_nativa (testes_dialogo_situado.TestesQuadroSituado.test_objetivo_e_disponibilidade_compatíveis_com_memoria_nativa) ... ok
test_ordem_fora_do_contrato_pede_referencia (testes_dialogo_situado.TestesQuadroSituado.test_ordem_fora_do_contrato_pede_referencia) ... ok
test_reset_remove_escopo_hipotetico_e_ficcional (testes_dialogo_situado.TestesQuadroSituado.test_reset_remove_escopo_hipotetico_e_ficcional) ... ok
test_sem_contexto_nao_inventa_relatos_para_reformular (testes_dialogo_situado.TestesQuadroSituado.test_sem_contexto_nao_inventa_relatos_para_reformular) ... ok
test_tempo_embutido_em_crenca_ou_condicao_nao_substitui_declaracao (testes_dialogo_situado.TestesQuadroSituado.test_tempo_embutido_em_crenca_ou_condicao_nao_substitui_declaracao) ... ok
test_tempo_real_condicional_citado_negado (testes_dialogo_situado.TestesQuadroSituado.test_tempo_real_condicional_citado_negado) ... ok

----------------------------------------------------------------------
Ran 22 tests in 19.032s

OK
