test_abertura_nativa_delimita_escopos_e_consulta_factual_suspende_ficcao (testes_dialogo_situado.TestesQuadroSituado) ... ok
test_alternativas_ordenadas_e_explicacao_da_referencia (testes_dialogo_situado.TestesQuadroSituado) ... ok
test_circunstancia_pode_acrescentar_fator_a_hipotese_sem_virar_prova (testes_dialogo_situado.TestesQuadroSituado) ... ok
test_citacao_premissas_e_fontes_preservam_rota (testes_dialogo_situado.TestesQuadroSituado) ... ok
test_definicao_com_termo_citado_nao_exige_mencao_anterior (testes_dialogo_situado.TestesQuadroSituado) ... ok
test_fato_suspende_elipses_pessoais_e_adjetivo_nao_declara_ficcao (testes_dialogo_situado.TestesQuadroSituado) ... ok
test_feedback_passado_nao_e_pedido_de_pergunta_e_abertura_nativa (testes_dialogo_situado.TestesQuadroSituado) ... ok
test_ficcao_nao_e_evidencia_nem_fato_conhecido (testes_dialogo_situado.TestesQuadroSituado) ... ok
test_instrucao_citada_e_foco_explicito_nao_viram_comando (testes_dialogo_situado.TestesQuadroSituado) ... ok
test_mudanca_de_tema_remove_fontes_anteriores (testes_dialogo_situado.TestesQuadroSituado) ... ok
test_novo_tema_com_verbo_inedito_nao_depende_de_catalogo (testes_dialogo_situado.TestesQuadroSituado) ... ok
test_objetivo_e_disponibilidade_compatíveis_com_memoria_nativa (testes_dialogo_situado.TestesQuadroSituado) ... ok
test_ordem_fora_do_contrato_pede_referencia (testes_dialogo_situado.TestesQuadroSituado) ... ok
test_reset_remove_escopo_hipotetico_e_ficcional (testes_dialogo_situado.TestesQuadroSituado) ... ok
test_sem_contexto_nao_inventa_relatos_para_reformular (testes_dialogo_situado.TestesQuadroSituado) ... ok
test_tempo_embutido_em_crenca_ou_condicao_nao_substitui_declaracao (testes_dialogo_situado.TestesQuadroSituado) ... ok
test_tempo_real_condicional_citado_negado (testes_dialogo_situado.TestesQuadroSituado) ... ok

----------------------------------------------------------------------
Ran 17 tests in 0.085s

OK
