test_condicoes_citacoes_e_pedidos_nao_viram_fatos_pessoais (testes_detalhes_conversa.TestesEscopoDetalhes.test_condicoes_citacoes_e_pedidos_nao_viram_fatos_pessoais) ... ok
test_declaracao_sem_prefixo_pessoal_entra_com_fonte_literal (testes_detalhes_conversa.TestesEscopoDetalhes.test_declaracao_sem_prefixo_pessoal_entra_com_fonte_literal) ... ok
test_fala_de_outra_pessoa_nao_muda_objetivo_ou_disponibilidade (testes_detalhes_conversa.TestesEscopoDetalhes.test_fala_de_outra_pessoa_nao_muda_objetivo_ou_disponibilidade) ... ok
test_nao_usa_criterios_antigos_em_comparacao_factual_explicita (testes_detalhes_conversa.TestesEscopoDetalhes.test_nao_usa_criterios_antigos_em_comparacao_factual_explicita) ... ok
test_relato_nativo_preserva_receio_sem_celebrar (testes_detalhes_conversa.TestesEscopoDetalhes.test_relato_nativo_preserva_receio_sem_celebrar) ... ok
test_sem_contexto_ou_apos_consulta_factual_nao_recicla_relato (testes_detalhes_conversa.TestesEscopoDetalhes.test_sem_contexto_ou_apos_consulta_factual_nao_recicla_relato) ... ok
test_comparacao_recupera_condicoes_declaradas_em_outro_assunto (testes_detalhes_conversa.TestesIntegracaoDetalhes.test_comparacao_recupera_condicoes_declaradas_em_outro_assunto) ... ok
test_receio_nao_e_celebrado_com_diferentes_aberturas (testes_detalhes_conversa.TestesIntegracaoDetalhes.test_receio_nao_e_celebrado_com_diferentes_aberturas) ... ok
test_sugestao_indireta_preserva_objetivo_sem_elogio (testes_detalhes_conversa.TestesIntegracaoDetalhes.test_sugestao_indireta_preserva_objetivo_sem_elogio) ... ok
test_web_reconstroi_criterios_sem_vazar_para_sessao_vazia (testes_detalhes_conversa.TestesIntegracaoDetalhes.test_web_reconstroi_criterios_sem_vazar_para_sessao_vazia) ... ok
test_consigo_separado_pelo_tokenizador_volta_a_ser_verbo (testes_presenca.TestesConjugacao.test_consigo_separado_pelo_tokenizador_volta_a_ser_verbo) ... ok
test_preterito_pela_grafia_futuro_pelo_lema_e_presente_comum (testes_presenca.TestesConjugacao.test_preterito_pela_grafia_futuro_pelo_lema_e_presente_comum) ... ok
test_primeira_pessoa_vira_voce (testes_presenca.TestesConjugacao.test_primeira_pessoa_vira_voce) ... ok
test_catraca (testes_presenca.TestesConversa.test_catraca) ... ok
test_catraca_dialogo_unico (testes_presenca.TestesConversa.test_catraca_dialogo_unico) ... ok
test_nao_entendi_no_meio_da_conversa_retoma_o_assunto (testes_presenca.TestesConversa.test_nao_entendi_no_meio_da_conversa_retoma_o_assunto) ... ok
test_reflete_lembra_nome_e_retoma (testes_presenca.TestesConversa.test_reflete_lembra_nome_e_retoma) ... ok
test_despedida_lembra_o_que_foi_contado (testes_presenca.TestesVariacaoEPerfil.test_despedida_lembra_o_que_foi_contado) ... ok
test_marcante_prefere_saude_e_coisas_ruins (testes_presenca.TestesVariacaoEPerfil.test_marcante_prefere_saude_e_coisas_ruins) ... ok
test_variacao_nao_repete_enquanto_ha_opcoes (testes_presenca.TestesVariacaoEPerfil.test_variacao_nao_repete_enquanto_ha_opcoes) ... ok

----------------------------------------------------------------------
Ran 20 tests in 178.005s

OK
