test_aberturas_situadas_trocam_fontes_mas_preservam_assunto_para_retomada (testes_dialogo_situado.TestesIntegracaoSituada.test_aberturas_situadas_trocam_fontes_mas_preservam_assunto_para_retomada) ... ok
test_api_reconstroi_referencia_e_identifica_politica_sem_prova (testes_dialogo_situado.TestesIntegracaoSituada.test_api_reconstroi_referencia_e_identifica_politica_sem_prova) ... ok
test_cada_resposta_consumiu_apenas_um_turno_inclusive_recusa_resgatada (testes_dialogo_situado.TestesIntegracaoSituada.test_cada_resposta_consumiu_apenas_um_turno_inclusive_recusa_resgatada) ... ok
test_definicao_citada_usa_acervo_sem_contaminar_relato_pessoal (testes_dialogo_situado.TestesIntegracaoSituada.test_definicao_citada_usa_acervo_sem_contaminar_relato_pessoal) ... ok
test_tempo_condicional_nao_muda_memoria_nem_plano_nativo (testes_dialogo_situado.TestesIntegracaoSituada.test_tempo_condicional_nao_muda_memoria_nem_plano_nativo) ... ok
test_abertura_nativa_delimita_escopos_e_consulta_factual_suspende_ficcao (testes_dialogo_situado.TestesQuadroSituado.test_abertura_nativa_delimita_escopos_e_consulta_factual_suspende_ficcao) ... ok
test_alternativas_ordenadas_e_explicacao_da_referencia (testes_dialogo_situado.TestesQuadroSituado.test_alternativas_ordenadas_e_explicacao_da_referencia) ... ok
test_circunstancia_pode_acrescentar_fator_a_hipotese_sem_virar_prova (testes_dialogo_situado.TestesQuadroSituado.test_circunstancia_pode_acrescentar_fator_a_hipotese_sem_virar_prova) ... ok
test_citacao_premissas_e_fontes_preservam_rota (testes_dialogo_situado.TestesQuadroSituado.test_citacao_premissas_e_fontes_preservam_rota) ... ok
test_definicao_com_termo_citado_nao_exige_mencao_anterior (testes_dialogo_situado.TestesQuadroSituado.test_definicao_com_termo_citado_nao_exige_mencao_anterior) ... ok
test_fato_suspende_elipses_pessoais_e_adjetivo_nao_declara_ficcao (testes_dialogo_situado.TestesQuadroSituado.test_fato_suspende_elipses_pessoais_e_adjetivo_nao_declara_ficcao) ... ok
test_feedback_passado_nao_e_pedido_de_pergunta_e_abertura_nativa (testes_dialogo_situado.TestesQuadroSituado.test_feedback_passado_nao_e_pedido_de_pergunta_e_abertura_nativa) ... ok
test_ficcao_nao_e_evidencia_nem_fato_conhecido (testes_dialogo_situado.TestesQuadroSituado.test_ficcao_nao_e_evidencia_nem_fato_conhecido) ... ok
test_instrucao_citada_e_foco_explicito_nao_viram_comando (testes_dialogo_situado.TestesQuadroSituado.test_instrucao_citada_e_foco_explicito_nao_viram_comando) ... ok
test_mudanca_de_tema_remove_fontes_anteriores (testes_dialogo_situado.TestesQuadroSituado.test_mudanca_de_tema_remove_fontes_anteriores) ... ok
test_novo_tema_com_verbo_inedito_nao_depende_de_catalogo (testes_dialogo_situado.TestesQuadroSituado.test_novo_tema_com_verbo_inedito_nao_depende_de_catalogo) ... ok
test_objetivo_e_disponibilidade_compatíveis_com_memoria_nativa (testes_dialogo_situado.TestesQuadroSituado.test_objetivo_e_disponibilidade_compatíveis_com_memoria_nativa) ... ok
test_ordem_fora_do_contrato_pede_referencia (testes_dialogo_situado.TestesQuadroSituado.test_ordem_fora_do_contrato_pede_referencia) ... ok
test_reset_remove_escopo_hipotetico_e_ficcional (testes_dialogo_situado.TestesQuadroSituado.test_reset_remove_escopo_hipotetico_e_ficcional) ... ok
test_sem_contexto_nao_inventa_relatos_para_reformular (testes_dialogo_situado.TestesQuadroSituado.test_sem_contexto_nao_inventa_relatos_para_reformular) ... ok
test_tempo_embutido_em_crenca_ou_condicao_nao_substitui_declaracao (testes_dialogo_situado.TestesQuadroSituado.test_tempo_embutido_em_crenca_ou_condicao_nao_substitui_declaracao) ... ok
test_tempo_real_condicional_citado_negado (testes_dialogo_situado.TestesQuadroSituado.test_tempo_real_condicional_citado_negado) ... ok
test_cancelar_pedido_incompleto_nao_transforma_negacao_em_tema (testes_contexto_gerativo.ContextoGerativoTestes.test_cancelar_pedido_incompleto_nao_transforma_negacao_em_tema) ... ok
test_consulta_com_tempo_nao_vira_retratacao_de_disponibilidade (testes_contexto_gerativo.ContextoGerativoTestes.test_consulta_com_tempo_nao_vira_retratacao_de_disponibilidade) ... ok
test_continuacao_usa_a_cena_da_escrita_apos_exploracao (testes_contexto_gerativo.ContextoGerativoTestes.test_continuacao_usa_a_cena_da_escrita_apos_exploracao) ... ok
test_disponibilidade_condicional_nao_vira_tempo_incondicional (testes_contexto_gerativo.ContextoGerativoTestes.test_disponibilidade_condicional_nao_vira_tempo_incondicional) ... ok
test_fato_suspende_escuta_alternativa_reparo_e_hipotese_pessoais (testes_contexto_gerativo.ContextoGerativoTestes.test_fato_suspende_escuta_alternativa_reparo_e_hipotese_pessoais) ... ok
test_fato_suspende_objetivo_para_pedido_implicito (testes_contexto_gerativo.ContextoGerativoTestes.test_fato_suspende_objetivo_para_pedido_implicito) ... ok
test_justificativa_nao_finge_explicar_nova_resposta_pessoal (testes_contexto_gerativo.ContextoGerativoTestes.test_justificativa_nao_finge_explicar_nova_resposta_pessoal) ... ok
test_negar_crenca_na_disponibilidade_nao_altera_tempo_declarado (testes_contexto_gerativo.ContextoGerativoTestes.test_negar_crenca_na_disponibilidade_nao_altera_tempo_declarado) ... ok
test_objetivo_expira_junto_com_fontes_da_geracao (testes_contexto_gerativo.ContextoGerativoTestes.test_objetivo_expira_junto_com_fontes_da_geracao) ... ok
test_pedido_pendente_nao_consume_consulta_desconhecida_ou_cancelamento (testes_contexto_gerativo.ContextoGerativoTestes.test_pedido_pendente_nao_consume_consulta_desconhecida_ou_cancelamento) ... ok
test_redeclaracao_do_mesmo_objetivo_renova_a_fonte (testes_contexto_gerativo.ContextoGerativoTestes.test_redeclaracao_do_mesmo_objetivo_renova_a_fonte) ... ok
test_reflexao_condicional_preserva_enquadramento_de_hipotese (testes_contexto_gerativo.ContextoGerativoTestes.test_reflexao_condicional_preserva_enquadramento_de_hipotese) ... ok
test_retomada_restaura_fontes_do_assunto_certo (testes_contexto_gerativo.ContextoGerativoTestes.test_retomada_restaura_fontes_do_assunto_certo) ... ok
test_retratacao_de_tempo_substitui_restricao_positiva (testes_contexto_gerativo.ContextoGerativoTestes.test_retratacao_de_tempo_substitui_restricao_positiva) ... ok
test_api_reconstroi_nome_preferencia_e_plano_sem_vazar_sessao (testes_bate_papo.TestesBatePapo.test_api_reconstroi_nome_preferencia_e_plano_sem_vazar_sessao) ... ok
test_comparacao_eliptica_esclarece_do_que_fala (testes_bate_papo.TestesBatePapo.test_comparacao_eliptica_esclarece_do_que_fala) ... ok
test_consultas_sem_interrogacao_e_sem_entrada_exata_durante_relato (testes_bate_papo.TestesBatePapo.test_consultas_sem_interrogacao_e_sem_entrada_exata_durante_relato) ... ok
test_contas_preservam_decimal_unidade_e_qualificadores (testes_bate_papo.TestesBatePapo.test_contas_preservam_decimal_unidade_e_qualificadores) ... ok
test_curriculo_particoes_e_checkpoint_auditaveis (testes_bate_papo.TestesBatePapo.test_curriculo_particoes_e_checkpoint_auditaveis) ... ok
test_declara_nome_nao_faz_busca_factual_ou_normaliza_nome (testes_bate_papo.TestesBatePapo.test_declara_nome_nao_faz_busca_factual_ou_normaliza_nome) ... ok
test_dialogos_completos_com_criterios_independentes_do_treino (testes_bate_papo.TestesBatePapo.test_dialogos_completos_com_criterios_independentes_do_treino) ... ok
test_fatos_codigo_fontes_e_modificadores_preservam_motor (testes_bate_papo.TestesBatePapo.test_fatos_codigo_fontes_e_modificadores_preservam_motor) ... ok
test_inferencia_nao_depende_de_numpy (testes_bate_papo.TestesBatePapo.test_inferencia_nao_depende_de_numpy) ... ok
test_memoria_e_historico_sao_limitados (testes_bate_papo.TestesBatePapo.test_memoria_e_historico_sao_limitados) ... ok
test_negacao_do_objetivo_nao_mantem_objetivo_antigo (testes_bate_papo.TestesBatePapo.test_negacao_do_objetivo_nao_mantem_objetivo_antigo) ... ok
test_premissas_dao_encadeamento_sem_inverter_ou_contaminar_base (testes_bate_papo.TestesBatePapo.test_premissas_dao_encadeamento_sem_inverter_ou_contaminar_base) ... ok
test_premissas_negativas_contradicao_e_ciclo (testes_bate_papo.TestesBatePapo.test_premissas_negativas_contradicao_e_ciclo) ... ok
test_relato_nao_altera_bases_pesos_ou_prova (testes_bate_papo.TestesBatePapo.test_relato_nao_altera_bases_pesos_ou_prova) ... ok
test_trocar_tema_nao_aplica_objetivo_anterior_ao_novo (testes_bate_papo.TestesBatePapo.test_trocar_tema_nao_aplica_objetivo_anterior_ao_novo) ... ok
test_argumentos_preservam_nomes_e_operadores_do_texto_original (testes_linguagem_conversa.TestesLinguagemConversa.test_argumentos_preservam_nomes_e_operadores_do_texto_original) ... ok
test_cenarios_publicos_de_conversa (testes_linguagem_conversa.TestesLinguagemConversa.test_cenarios_publicos_de_conversa) ... ok
test_citacoes_e_codigo_nao_sao_editados (testes_linguagem_conversa.TestesLinguagemConversa.test_citacoes_e_codigo_nao_sao_editados) ... ok
test_citar_relato_nao_gera_indicacao_de_prova (testes_linguagem_conversa.TestesLinguagemConversa.test_citar_relato_nao_gera_indicacao_de_prova) ... ok
test_condicoes_negacoes_e_incerteza_sobrevivem (testes_linguagem_conversa.TestesLinguagemConversa.test_condicoes_negacoes_e_incerteza_sobrevivem) ... ok
test_esclarecimento_preserva_alternativas_ate_escolha_explicita (testes_linguagem_conversa.TestesLinguagemConversa.test_esclarecimento_preserva_alternativas_ate_escolha_explicita) ... ok
test_fontes_seguem_as_unidades_reformuladas (testes_linguagem_conversa.TestesLinguagemConversa.test_fontes_seguem_as_unidades_reformuladas) ... ok
test_gramatica_independe_do_nome_e_dos_dados_da_instalacao (testes_linguagem_conversa.TestesLinguagemConversa.test_gramatica_independe_do_nome_e_dos_dados_da_instalacao) ... ok
test_gramatica_malformada_nao_e_aceita (testes_linguagem_conversa.TestesLinguagemConversa.test_gramatica_malformada_nao_e_aceita) ... ok
test_historico_preserva_mensagem_original_e_consulta_auditavel (testes_linguagem_conversa.TestesLinguagemConversa.test_historico_preserva_mensagem_original_e_consulta_auditavel) ... ok
test_memoria_tem_limite_e_nao_lembra_assuntos_ausentes (testes_linguagem_conversa.TestesLinguagemConversa.test_memoria_tem_limite_e_nao_lembra_assuntos_ausentes) ... ok
test_pedido_novo_preserva_qualificadores_e_direcao (testes_linguagem_conversa.TestesLinguagemConversa.test_pedido_novo_preserva_qualificadores_e_direcao) ... ok
test_pergunta_eliptica_esclarece_antes_de_consultar (testes_linguagem_conversa.TestesLinguagemConversa.test_pergunta_eliptica_esclarece_antes_de_consultar) ... ok
test_prova_logica_sobrevive_a_reformulacoes (testes_linguagem_conversa.TestesLinguagemConversa.test_prova_logica_sobrevive_a_reformulacoes) ... ok
test_recapitulacao_preserva_origem_e_distingue_relato (testes_linguagem_conversa.TestesLinguagemConversa.test_recapitulacao_preserva_origem_e_distingue_relato) ... ok
test_reformulacao_preserva_todas_as_evidencias_e_muda_a_realizacao (testes_linguagem_conversa.TestesLinguagemConversa.test_reformulacao_preserva_todas_as_evidencias_e_muda_a_realizacao) ... ok
test_reformulacoes_sucessivas_sao_variadas_e_deterministicas (testes_linguagem_conversa.TestesLinguagemConversa.test_reformulacoes_sucessivas_sao_variadas_e_deterministicas) ... ok
test_reinicio_e_ensino_invalidam_memoria_e_prova (testes_linguagem_conversa.TestesLinguagemConversa.test_reinicio_e_ensino_invalidam_memoria_e_prova) ... ok
test_relato_se_adapta_ao_objetivo_sem_inventar_fatos (testes_linguagem_conversa.TestesLinguagemConversa.test_relato_se_adapta_ao_objetivo_sem_inventar_fatos) ... ok
test_retomada_reconstroi_fontes_na_api (testes_linguagem_conversa.TestesLinguagemConversa.test_retomada_reconstroi_fontes_na_api) ... ok
test_troca_de_tema_pessoal_e_retomada (testes_linguagem_conversa.TestesLinguagemConversa.test_troca_de_tema_pessoal_e_retomada) ... ok
test_variacoes_compostas_cobrem_todos_os_conceitos_cientificos (testes_linguagem_conversa.TestesLinguagemConversa.test_variacoes_compostas_cobrem_todos_os_conceitos_cientificos) ... ok

----------------------------------------------------------------------
Ran 73 tests in 549.037s

OK
