test_agenda_multiclausula_ficcao_e_pergunta_sem_evidencia_mantem_rotas (testes_memoria_sessao.TestesMemoriaSessao) ... ok
test_atribuicao_relata_sem_promover_para_usuario (testes_memoria_sessao.TestesMemoriaSessao) ... ok
test_copia_isolamento_reinicio_e_mudanca_de_tema (testes_memoria_sessao.TestesMemoriaSessao) ... ok
test_correcao_preserva_local_e_apos_retracao_nao_inventa_cor (testes_memoria_sessao.TestesMemoriaSessao) ... ok
test_hipoteses_perguntas_e_citacoes_nao_substituem_preferencia (testes_memoria_sessao.TestesMemoriaSessao) ... ok
test_negacao_propria_retrai_sem_trocar_pessoa (testes_memoria_sessao.TestesMemoriaSessao) ... ok
test_pedidos_de_operacao_nao_inventam_pessoas_ou_objetivos (testes_memoria_sessao.TestesMemoriaSessao) ... ok
test_prefixos_da_primeira_pessoa_nao_criam_pessoas (testes_memoria_sessao.TestesMemoriaSessao) ... ok
test_pronome_ambiguo_nao_usa_apenas_a_ultima_pessoa (testes_memoria_sessao.TestesMemoriaSessao) ... ok
test_query_nunca_vira_fonte_e_negacao_nao_apaga_valor_diferente (testes_memoria_sessao.TestesMemoriaSessao) ... ok
test_renomear_pessoas_objetos_e_preferencias_preserva_relacao (testes_memoria_sessao.TestesMemoriaSessao) ... ok
test_compostas_hipoteticas_citadas_e_ambiguas_nao_atualizam (testes_memoria_parafrases.TestesParafrasesMemoria) ... ok
test_consultas_equivalentes_preservam_proprietario (testes_memoria_parafrases.TestesParafrasesMemoria) ... ok
test_correcao_composta_e_fontes_literais (testes_memoria_parafrases.TestesParafrasesMemoria) ... ok
test_escolha_explicita_e_posse_por_pessoa (testes_memoria_parafrases.TestesParafrasesMemoria) ... ok
test_objetivo_restricao_e_tempo_nao_misturam_pessoas (testes_memoria_parafrases.TestesParafrasesMemoria) ... ok
test_prefixo_correcao_preserva_outros_atributos (testes_memoria_parafrases.TestesParafrasesMemoria) ... ok

----------------------------------------------------------------------
Ran 17 tests in 0.054s

OK
