test_conta_absurda_nao_trava (testes_compreensao_intencao.ControlesNegativos.test_conta_absurda_nao_trava) ... ok
test_finalidade_nao_apaga_contexto_sem_evidencia (testes_compreensao_intencao.ControlesNegativos.test_finalidade_nao_apaga_contexto_sem_evidencia) ... ok
test_finalidade_sem_ficha_nao_inventa_assunto (testes_compreensao_intencao.ControlesNegativos.test_finalidade_sem_ficha_nao_inventa_assunto) ... ok
test_gosto_pessoal_nao_e_preferencia_de_resposta (testes_compreensao_intencao.ControlesNegativos.test_gosto_pessoal_nao_e_preferencia_de_resposta) ... ok
test_memoria_humana_nao_abre_investigacao_de_heap (testes_compreensao_intencao.ControlesNegativos.test_memoria_humana_nao_abre_investigacao_de_heap) ... ok
test_nao_sei_nao_e_restricao (testes_compreensao_intencao.ControlesNegativos.test_nao_sei_nao_e_restricao) ... ok
test_pedido_ao_assistente_nao_e_objetivo (testes_compreensao_intencao.ControlesNegativos.test_pedido_ao_assistente_nao_e_objetivo) ... ok
test_premissas_explicitas_continuam_no_raciocinio_ativo (testes_compreensao_intencao.ControlesNegativos.test_premissas_explicitas_continuam_no_raciocinio_ativo) ... ok
test_quantificadores_ficam_com_o_grafo (testes_compreensao_intencao.ControlesNegativos.test_quantificadores_ficam_com_o_grafo) ... ok
test_quanto_sem_conta_nao_e_calculo (testes_compreensao_intencao.ControlesNegativos.test_quanto_sem_conta_nao_e_calculo) ... ok
test_relato_com_condicao_nao_vira_conclusao_logica (testes_compreensao_intencao.ControlesNegativos.test_relato_com_condicao_nao_vira_conclusao_logica) ... ok
test_consequencia_com_premissas_em_linguagem_comum (testes_compreensao_intencao.FalhasDoSite.test_consequencia_com_premissas_em_linguagem_comum) ... ok
test_instrucao_da_historia_nao_vira_nome (testes_compreensao_intencao.FalhasDoSite.test_instrucao_da_historia_nao_vira_nome) ... ok
test_investigador_de_memoria_conduz_a_conversa (testes_compreensao_intencao.FalhasDoSite.test_investigador_de_memoria_conduz_a_conversa) ... ok
test_mesma_intencao_em_outra_formulacao (testes_compreensao_intencao.FalhasDoSite.test_mesma_intencao_em_outra_formulacao) ... ok
test_pergunta_pratica_usa_ficha_de_typescript (testes_compreensao_intencao.FalhasDoSite.test_pergunta_pratica_usa_ficha_de_typescript) ... ok
test_preferencia_de_explicacao_e_lembrada (testes_compreensao_intencao.FalhasDoSite.test_preferencia_de_explicacao_e_lembrada) ... ok
test_relato_com_nao_nao_e_negacao_logica (testes_compreensao_intencao.FalhasDoSite.test_relato_com_nao_nao_e_negacao_logica) ... ok
test_sem_tarefa_informada_admite_em_vez_de_chutar (testes_compreensao_intencao.FalhasDoSite.test_sem_tarefa_informada_admite_em_vez_de_chutar) ... ok
test_subtracao_com_sinal_unicode (testes_compreensao_intencao.FalhasDoSite.test_subtracao_com_sinal_unicode) ... ok
test_tarefa_do_dia_nao_vira_previsao_do_tempo (testes_compreensao_intencao.FalhasDoSite.test_tarefa_do_dia_nao_vira_previsao_do_tempo) ... ok
test_contas_em_portugues (testes_compreensao_intencao.FormulacoesIneditas.test_contas_em_portugues) ... ok
test_finalidade_em_varias_formas (testes_compreensao_intencao.FormulacoesIneditas.test_finalidade_em_varias_formas) ... ok
test_inferencias_validas_e_falacias (testes_compreensao_intencao.FormulacoesIneditas.test_inferencias_validas_e_falacias) ... ok
test_objetivos_preferencias_e_restricoes (testes_compreensao_intencao.FormulacoesIneditas.test_objetivos_preferencias_e_restricoes) ... ok
test_outra_forma_de_relatar_memoria_crescendo (testes_compreensao_intencao.FormulacoesIneditas.test_outra_forma_de_relatar_memoria_crescendo) ... ok
test_outra_pergunta_pratica_de_typescript (testes_compreensao_intencao.FormulacoesIneditas.test_outra_pergunta_pratica_de_typescript) ... ok
test_personagem_e_cenario_em_outra_ordem (testes_compreensao_intencao.FormulacoesIneditas.test_personagem_e_cenario_em_outra_ordem) ... ok
test_premissas_espalhadas_em_turnos (testes_compreensao_intencao.FormulacoesIneditas.test_premissas_espalhadas_em_turnos) ... ok
test_memoria_antiga_sem_campos_novos_continua_valida (testes_compreensao_intencao.MemoriaEntreConversas.test_memoria_antiga_sem_campos_novos_continua_valida) ... ok
test_objetivos_e_preferencias_vao_para_a_memoria_opcional (testes_compreensao_intencao.MemoriaEntreConversas.test_objetivos_e_preferencias_vao_para_a_memoria_opcional) ... ok
test_preferencia_curta_encurta_resposta_longa (testes_compreensao_intencao.MemoriaEntreConversas.test_preferencia_curta_encurta_resposta_longa) ... ok
test_chat_preserva_vinte_minutos_e_mochila_da_lia (testes_memoria_sessao.TestesIntegracaoMemoriaSessao.test_chat_preserva_vinte_minutos_e_mochila_da_lia) ... ok
test_reinicio_nativo_limpa_a_memoria_nova (testes_memoria_sessao.TestesIntegracaoMemoriaSessao.test_reinicio_nativo_limpa_a_memoria_nova) ... ok
test_rotas_factuais_crise_e_codigo_preservadas (testes_memoria_sessao.TestesIntegracaoMemoriaSessao.test_rotas_factuais_crise_e_codigo_preservadas) ... ok
test_web_reconstroi_historico_e_nao_compartilha_estado (testes_memoria_sessao.TestesIntegracaoMemoriaSessao.test_web_reconstroi_historico_e_nao_compartilha_estado) ... ok
test_agenda_multiclausula_ficcao_e_pergunta_sem_evidencia_mantem_rotas (testes_memoria_sessao.TestesMemoriaSessao.test_agenda_multiclausula_ficcao_e_pergunta_sem_evidencia_mantem_rotas) ... ok
test_atribuicao_relata_sem_promover_para_usuario (testes_memoria_sessao.TestesMemoriaSessao.test_atribuicao_relata_sem_promover_para_usuario) ... ok
test_copia_isolamento_reinicio_e_mudanca_de_tema (testes_memoria_sessao.TestesMemoriaSessao.test_copia_isolamento_reinicio_e_mudanca_de_tema) ... ok
test_correcao_preserva_local_e_apos_retracao_nao_inventa_cor (testes_memoria_sessao.TestesMemoriaSessao.test_correcao_preserva_local_e_apos_retracao_nao_inventa_cor) ... ok
test_hipoteses_perguntas_e_citacoes_nao_substituem_preferencia (testes_memoria_sessao.TestesMemoriaSessao.test_hipoteses_perguntas_e_citacoes_nao_substituem_preferencia) ... ok
test_negacao_propria_retrai_sem_trocar_pessoa (testes_memoria_sessao.TestesMemoriaSessao.test_negacao_propria_retrai_sem_trocar_pessoa) ... ok
test_pedidos_de_operacao_nao_inventam_pessoas_ou_objetivos (testes_memoria_sessao.TestesMemoriaSessao.test_pedidos_de_operacao_nao_inventam_pessoas_ou_objetivos) ... ok
test_prefixos_da_primeira_pessoa_nao_criam_pessoas (testes_memoria_sessao.TestesMemoriaSessao.test_prefixos_da_primeira_pessoa_nao_criam_pessoas) ... ok
test_pronome_ambiguo_nao_usa_apenas_a_ultima_pessoa (testes_memoria_sessao.TestesMemoriaSessao.test_pronome_ambiguo_nao_usa_apenas_a_ultima_pessoa) ... ok
test_query_nunca_vira_fonte_e_negacao_nao_apaga_valor_diferente (testes_memoria_sessao.TestesMemoriaSessao.test_query_nunca_vira_fonte_e_negacao_nao_apaga_valor_diferente) ... ok
test_renomear_pessoas_objetos_e_preferencias_preserva_relacao (testes_memoria_sessao.TestesMemoriaSessao.test_renomear_pessoas_objetos_e_preferencias_preserva_relacao) ... ok
test_compostas_hipoteticas_citadas_e_ambiguas_nao_atualizam (testes_memoria_parafrases.TestesParafrasesMemoria.test_compostas_hipoteticas_citadas_e_ambiguas_nao_atualizam) ... ok
test_consultas_equivalentes_preservam_proprietario (testes_memoria_parafrases.TestesParafrasesMemoria.test_consultas_equivalentes_preservam_proprietario) ... ok
test_correcao_composta_e_fontes_literais (testes_memoria_parafrases.TestesParafrasesMemoria.test_correcao_composta_e_fontes_literais) ... ok
test_escolha_explicita_e_posse_por_pessoa (testes_memoria_parafrases.TestesParafrasesMemoria.test_escolha_explicita_e_posse_por_pessoa) ... ok
test_objetivo_restricao_e_tempo_nao_misturam_pessoas (testes_memoria_parafrases.TestesParafrasesMemoria.test_objetivo_restricao_e_tempo_nao_misturam_pessoas) ... ok
test_prefixo_correcao_preserva_outros_atributos (testes_memoria_parafrases.TestesParafrasesMemoria.test_prefixo_correcao_preserva_outros_atributos) ... ok
test_casos_frozen_atravessam_api_e_replay (testes_integracao_raciocinio_ativo.TestesIntegracaoRaciocinioAtivo.test_casos_frozen_atravessam_api_e_replay) ... ok
test_conhecimento_curado_continua_factual (testes_integracao_raciocinio_ativo.TestesIntegracaoRaciocinioAtivo.test_conhecimento_curado_continua_factual) ... ok
test_hipotese_antiga_e_pergunta_condicional_comum_preservadas (testes_integracao_raciocinio_ativo.TestesIntegracaoRaciocinioAtivo.test_hipotese_antiga_e_pergunta_condicional_comum_preservadas) ... ok
test_hipotese_nao_altera_grafo_curriculo_ou_memoria (testes_integracao_raciocinio_ativo.TestesIntegracaoRaciocinioAtivo.test_hipotese_nao_altera_grafo_curriculo_ou_memoria) ... ok
test_prioridade_crise_codigo_e_ausencia_de_rastro_antigo (testes_integracao_raciocinio_ativo.TestesIntegracaoRaciocinioAtivo.test_prioridade_crise_codigo_e_ausencia_de_rastro_antigo) ... ok
test_contratos_fixados_antes_dos_novos_pesos (testes_ampliacao.TestesAmpliacao.test_contratos_fixados_antes_dos_novos_pesos) ... ok

----------------------------------------------------------------------
Ran 59 tests in 378.596s

OK
