test_consumidor_nao_intercepta_ficcao_codigo_e_fatos (testes_conversa_sessao.TestesConversaSessao.test_consumidor_nao_intercepta_ficcao_codigo_e_fatos) ... ok
test_correcao_antes_da_continuacao_resolve_estado_atual (testes_conversa_sessao.TestesConversaSessao.test_correcao_antes_da_continuacao_resolve_estado_atual) ... ok
test_descricao_nao_inventa_local_do_objeto (testes_conversa_sessao.TestesConversaSessao.test_descricao_nao_inventa_local_do_objeto) ... ok
test_disponibilidade_sem_objetivo_nao_inventa_atividade (testes_conversa_sessao.TestesConversaSessao.test_disponibilidade_sem_objetivo_nao_inventa_atividade) ... ok
test_esquecimento_interrompe_continuacao (testes_conversa_sessao.TestesConversaSessao.test_esquecimento_interrompe_continuacao) ... ok
test_fala_reportada_continua_atribuida (testes_conversa_sessao.TestesConversaSessao.test_fala_reportada_continua_atribuida) ... ok
test_hipotese_nao_substitui_preferencia_real (testes_conversa_sessao.TestesConversaSessao.test_hipotese_nao_substitui_preferencia_real) ... ok
test_mesmo_pedido_com_valores_opostos_muda_escolha (testes_conversa_sessao.TestesConversaSessao.test_mesmo_pedido_com_valores_opostos_muda_escolha) ... ok
test_multiplas_pessoas_exigem_foco (testes_conversa_sessao.TestesConversaSessao.test_multiplas_pessoas_exigem_foco) ... ok
test_nome_proprio_nao_cria_referente_pessoal (testes_conversa_sessao.TestesConversaSessao.test_nome_proprio_nao_cria_referente_pessoal) ... ok
test_pedido_de_sugestao_nao_vira_consulta_por_oracao_relativa (testes_conversa_sessao.TestesConversaSessao.test_pedido_de_sugestao_nao_vira_consulta_por_oracao_relativa) ... ok
test_pergunta_factual_com_mudanca_de_tema_conserva_fonte (testes_conversa_sessao.TestesConversaSessao.test_pergunta_factual_com_mudanca_de_tema_conserva_fonte) ... ok
test_pesos_rejeitados_nao_sao_carregados (testes_conversa_sessao.TestesConversaSessao.test_pesos_rejeitados_nao_sao_carregados) ... ok
test_pessoa_desconhecida_nao_herda_preferencia (testes_conversa_sessao.TestesConversaSessao.test_pessoa_desconhecida_nao_herda_preferencia) ... ok
test_preferencia_com_proibicao_nao_vira_recomendacao (testes_conversa_sessao.TestesConversaSessao.test_preferencia_com_proibicao_nao_vira_recomendacao) ... ok
test_pronome_ambiguo_nao_escolhe_ultima_pessoa (testes_conversa_sessao.TestesConversaSessao.test_pronome_ambiguo_nao_escolhe_ultima_pessoa) ... ok
test_retracao_nao_pode_ser_reutilizada (testes_conversa_sessao.TestesConversaSessao.test_retracao_nao_pode_ser_reutilizada) ... ok
test_sem_geracao_consulta_preserva_memoria_ultimo (testes_conversa_sessao.TestesConversaSessao.test_sem_geracao_consulta_preserva_memoria_ultimo) ... ok
test_sugestao_nao_vira_nova_declaracao (testes_conversa_sessao.TestesConversaSessao.test_sugestao_nao_vira_nova_declaracao) ... ok
test_tempo_e_permissao_nao_sao_trocados_por_valores_padrao (testes_conversa_sessao.TestesConversaSessao.test_tempo_e_permissao_nao_sao_trocados_por_valores_padrao) ... ok
test_causa_e_mecanismo_em_parafrase (testes_busca_factual.TestesBuscaFactual.test_causa_e_mecanismo_em_parafrase) ... ok
test_resposta_cadastrada_completa_nao_e_ocultada (testes_busca_factual.TestesBuscaFactual.test_resposta_cadastrada_completa_nao_e_ocultada) ... ok

----------------------------------------------------------------------
Ran 22 tests in 80.661s

OK
