test_api_mecanismo_estado_e_memoria (testes_correcao_texto.CorrecaoTexto.test_api_mecanismo_estado_e_memoria) ... ok
test_blocos_codigo_e_instrucoes_nao_executados (testes_correcao_texto.CorrecaoTexto.test_blocos_codigo_e_instrucoes_nao_executados) ... ok
test_concordancia_local_e_espacos (testes_correcao_texto.CorrecaoTexto.test_concordancia_local_e_espacos) ... ok
test_correcao_de_codigo_mantem_motor_existente (testes_correcao_texto.CorrecaoTexto.test_correcao_de_codigo_mantem_motor_existente) ... ok
test_correcao_de_premissa_preserva_revisao_logica (testes_correcao_texto.CorrecaoTexto.test_correcao_de_premissa_preserva_revisao_logica) ... ok
test_diff_reconstroi_resultado_com_offsets_do_original (testes_correcao_texto.CorrecaoTexto.test_diff_reconstroi_resultado_com_offsets_do_original) ... ok
test_documentos_nao_vazam_e_pedido_vazio_nao_reusa (testes_correcao_texto.CorrecaoTexto.test_documentos_nao_vazam_e_pedido_vazio_nao_reusa) ... ok
test_idempotencia_e_pontuacao_existente (testes_correcao_texto.CorrecaoTexto.test_idempotencia_e_pontuacao_existente) ... ok
test_identificadores_abreviaturas_e_capitais (testes_correcao_texto.CorrecaoTexto.test_identificadores_abreviaturas_e_capitais) ... ok
test_nao_muda_homografos_nem_inventa_divisao (testes_correcao_texto.CorrecaoTexto.test_nao_muda_homografos_nem_inventa_divisao) ... ok
test_nao_promete_gramatica_completa (testes_correcao_texto.CorrecaoTexto.test_nao_promete_gramatica_completa) ... ok
test_nao_transforma_oracao_causal_em_pergunta (testes_correcao_texto.CorrecaoTexto.test_nao_transforma_oracao_causal_em_pergunta) ... ok
test_nomes_numeros_codigos_e_citacoes (testes_correcao_texto.CorrecaoTexto.test_nomes_numeros_codigos_e_citacoes) ... ok
test_preserva_negacao_e_nao_vira_ordem_oposta (testes_correcao_texto.CorrecaoTexto.test_preserva_negacao_e_nao_vira_ordem_oposta) ... ok
test_reconhece_pedido_mas_nao_tema_de_conversa (testes_correcao_texto.CorrecaoTexto.test_reconhece_pedido_mas_nao_tema_de_conversa) ... ok
test_replay_detalhes_fonte_e_resumo_preservam_original (testes_correcao_texto.CorrecaoTexto.test_replay_detalhes_fonte_e_resumo_preservam_original) ... ok
test_texto_longo_e_limites_http (testes_correcao_texto.CorrecaoTexto.test_texto_longo_e_limites_http) ... ok
test_texto_sem_pontuacao (testes_correcao_texto.CorrecaoTexto.test_texto_sem_pontuacao) ... ok
test_condicoes_diferentes_nao_sao_oposicao_literal (testes_analise_conteudo.TestesAnaliseConteudo.test_condicoes_diferentes_nao_sao_oposicao_literal) ... ok
test_conteudo_invalido_nao_reutiliza_anterior (testes_analise_conteudo.TestesAnaliseConteudo.test_conteudo_invalido_nao_reutiliza_anterior) ... ok
test_conteudo_nao_e_memoria_pessoal_nem_acervo (testes_analise_conteudo.TestesAnaliseConteudo.test_conteudo_nao_e_memoria_pessoal_nem_acervo) ... ok
test_limite_agregado_do_historico (testes_analise_conteudo.TestesAnaliseConteudo.test_limite_agregado_do_historico) ... ok
test_listas_numeradas_e_decimais (testes_analise_conteudo.TestesAnaliseConteudo.test_listas_numeradas_e_decimais) ... ok
test_padrao_e_oposicao_tem_evidencias_sem_prova (testes_analise_conteudo.TestesAnaliseConteudo.test_padrao_e_oposicao_tem_evidencias_sem_prova) ... ok
test_reflexivo_e_logo_da_marca_nao_implicam_condicao_ou_conclusao (testes_analise_conteudo.TestesAnaliseConteudo.test_reflexivo_e_logo_da_marca_nao_implicam_condicao_ou_conclusao) ... ok
test_relato_preserva_conversa_e_texto_pessoal_aceita_analise (testes_analise_conteudo.TestesAnaliseConteudo.test_relato_preserva_conversa_e_texto_pessoal_aceita_analise) ... ok
test_replay_resumo_padroes_e_fonte (testes_analise_conteudo.TestesAnaliseConteudo.test_replay_resumo_padroes_e_fonte) ... ok
test_resumo_nao_apaga_o_lado_negado_de_uma_oposicao (testes_analise_conteudo.TestesAnaliseConteudo.test_resumo_nao_apaga_o_lado_negado_de_uma_oposicao) ... ok
test_resumo_nao_repete_frases_iguais (testes_analise_conteudo.TestesAnaliseConteudo.test_resumo_nao_repete_frases_iguais) ... ok
test_resumo_preserva_fonte_offsets_e_negacoes (testes_analise_conteudo.TestesAnaliseConteudo.test_resumo_preserva_fonte_offsets_e_negacoes) ... ok
test_sem_padrao_nao_inventa_tema (testes_analise_conteudo.TestesAnaliseConteudo.test_sem_padrao_nao_inventa_tema) ... ok
test_texto_citado_longo_e_pedido_combinado (testes_analise_conteudo.TestesAnaliseConteudo.test_texto_citado_longo_e_pedido_combinado) ... ok
test_texto_longo_aceito_so_no_contrato_de_conteudo (testes_analise_conteudo.TestesAnaliseConteudo.test_texto_longo_aceito_so_no_contrato_de_conteudo) ... ok
test_troca_de_assunto_e_requisicao_isolada_nao_vazam_fonte (testes_analise_conteudo.TestesAnaliseConteudo.test_troca_de_assunto_e_requisicao_isolada_nao_vazam_fonte) ... ok
test_aplica_raciocinio_simbolico_ao_labirinto (testes_compreensao_textual.TestesCompreensaoTextual.test_aplica_raciocinio_simbolico_ao_labirinto) ... ok
test_arvore_binaria_nao_e_confundida_com_arvore_botanica (testes_compreensao_textual.TestesCompreensaoTextual.test_arvore_binaria_nao_e_confundida_com_arvore_botanica) ... ok
test_autodescricao_nao_vira_relato_do_usuario (testes_compreensao_textual.TestesCompreensaoTextual.test_autodescricao_nao_vira_relato_do_usuario) ... ok
test_endpoint_informa_mecanismo_de_compreensao (testes_compreensao_textual.TestesCompreensaoTextual.test_endpoint_informa_mecanismo_de_compreensao) ... ok
test_funcionamento_do_aprendizado_de_maquina (testes_compreensao_textual.TestesCompreensaoTextual.test_funcionamento_do_aprendizado_de_maquina) ... ok
test_interpreta_comparacao_no_poema (testes_compreensao_textual.TestesCompreensaoTextual.test_interpreta_comparacao_no_poema) ... ok
test_retomada_explica_resposta_real_anterior (testes_compreensao_textual.TestesCompreensaoTextual.test_retomada_explica_resposta_real_anterior) ... ok
test_perguntas_do_menu_tem_resposta (testes_web.TestesAssuntosDaPagina.test_perguntas_do_menu_tem_resposta) ... ok
test_corpo_ja_recebido_sem_length_preserva_conversa (testes_web.TestesCorpoServerless.test_corpo_ja_recebido_sem_length_preserva_conversa) ... ok
test_limite_vazio_e_json_invalido_mesmo_sem_length (testes_web.TestesCorpoServerless.test_limite_vazio_e_json_invalido_mesmo_sem_length) ... ok
test_sem_length_socket_nao_e_lido_e_cabecalho_invalido_nao_e_ignorado (testes_web.TestesCorpoServerless.test_sem_length_socket_nao_e_lido_e_cabecalho_invalido_nao_e_ignorado) ... ok
test_conhecimento_e_provas_de_fatos (testes_web.TestesWebCore.test_conhecimento_e_provas_de_fatos) ... ok
test_mensagem_invalida (testes_web.TestesWebCore.test_mensagem_invalida) ... ok
test_payload_nao_escreve_em_arquivos_de_conhecimento (testes_web.TestesWebCore.test_payload_nao_escreve_em_arquivos_de_conhecimento) ... ok
test_reconstroi_contexto_em_vez_de_salvar_no_servidor (testes_web.TestesWebCore.test_reconstroi_contexto_em_vez_de_salvar_no_servidor) ... ok
test_responde_usando_mesmo_crivo (testes_web.TestesWebCore.test_responde_usando_mesmo_crivo) ... ok
test_frontend_texto_seguro (testes_web.TestesWebHTTP.test_frontend_texto_seguro) ... ok
test_home_assets_and_health (testes_web.TestesWebHTTP.test_home_assets_and_health) ... 127.0.0.1 - - [09/Oct/2026 11:49:02] "GET / HTTP/1.1" 200 -
127.0.0.1 - - [09/Oct/2026 11:49:02] "GET /styles.css HTTP/1.1" 200 -
127.0.0.1 - - [09/Oct/2026 11:49:02] "GET /app.js HTTP/1.1" 200 -
127.0.0.1 - - [09/Oct/2026 11:49:02] "GET /favicon.svg HTTP/1.1" 200 -
127.0.0.1 - - [09/Oct/2026 11:49:02] "GET /api/chat HTTP/1.1" 200 -
ok
test_http_gerador_reconstroi_poema_e_personagens (testes_web.TestesWebHTTP.test_http_gerador_reconstroi_poema_e_personagens) ... 127.0.0.1 - - [09/Oct/2026 11:49:04] "POST /api/chat HTTP/1.1" 200 -
ok
test_http_post_retorna_resposta_real (testes_web.TestesWebHTTP.test_http_post_retorna_resposta_real) ... 127.0.0.1 - - [09/Oct/2026 11:49:06] "POST /api/chat HTTP/1.1" 200 -
ok
test_rejeita_content_type_e_json_ruins (testes_web.TestesWebHTTP.test_rejeita_content_type_e_json_ruins) ... 127.0.0.1 - - [09/Oct/2026 11:49:06] "POST /api/chat HTTP/1.1" 415 -
127.0.0.1 - - [09/Oct/2026 11:49:06] "POST /api/chat HTTP/1.1" 400 -
127.0.0.1 - - [09/Oct/2026 11:49:06] "GET /api/nao-existe HTTP/1.1" 404 -
ok
test_blocos_utf8_reconstroem_conversa_e_correcao (testes_http_chunked.ChunkedHTTPTestes.test_blocos_utf8_reconstroem_conversa_e_correcao) ... 127.0.0.1 - - [09/Oct/2026 11:49:07] "POST /api/chat HTTP/1.1" 200 -
127.0.0.1 - - [09/Oct/2026 11:49:11] "POST /api/chat HTTP/1.1" 200 -
ok
test_corpo_exatamente_no_limite (testes_http_chunked.ChunkedHTTPTestes.test_corpo_exatamente_no_limite) ... 127.0.0.1 - - [09/Oct/2026 11:49:15] "POST /api/chat HTTP/1.1" 200 -
ok
test_corpo_grande_vazio_ou_ambiguo_nao_chega_ao_crivo (testes_http_chunked.ChunkedHTTPTestes.test_corpo_grande_vazio_ou_ambiguo_nao_chega_ao_crivo) ... 127.0.0.1 - - [09/Oct/2026 11:49:15] "POST /api/chat HTTP/1.1" 413 -
127.0.0.1 - - [09/Oct/2026 11:49:15] "POST /api/chat HTTP/1.1" 413 -
127.0.0.1 - - [09/Oct/2026 11:49:15] "POST /api/chat HTTP/1.1" 400 -
127.0.0.1 - - [09/Oct/2026 11:49:15] "POST /api/chat HTTP/1.1" 400 -
ok
test_extensoes_trailers_e_termino_sem_esperar_eof (testes_http_chunked.ChunkedTestes.test_extensoes_trailers_e_termino_sem_esperar_eof) ... ok
test_framing_malformado_ou_truncado_e_rejeitado (testes_http_chunked.ChunkedTestes.test_framing_malformado_ou_truncado_e_rejeitado) ... ok
test_limite_rejeitado_antes_de_ler_payload (testes_http_chunked.ChunkedTestes.test_limite_rejeitado_antes_de_ler_payload) ... ok
test_limite_soma_todos_os_blocos (testes_http_chunked.ChunkedTestes.test_limite_soma_todos_os_blocos) ... ok
test_limites_de_trailers_e_quantidade_de_blocos (testes_http_chunked.ChunkedTestes.test_limites_de_trailers_e_quantidade_de_blocos) ... ok
test_resumo_por_tipo (testes_memoria_navegador.TestesAvaliacaoHumana.test_resumo_por_tipo) ... ok
test_memoria_invalida_e_recusada (testes_memoria_navegador.TestesMemoriaNavegador.test_memoria_invalida_e_recusada) ... ok
test_nome_e_apelido_voltam_na_proxima_visita (testes_memoria_navegador.TestesMemoriaNavegador.test_nome_e_apelido_voltam_na_proxima_visita) ... ok
test_relato_de_outra_visita_responde_sem_virar_palpite (testes_memoria_navegador.TestesMemoriaNavegador.test_relato_de_outra_visita_responde_sem_virar_palpite) ... ok
test_sem_memoria_a_resposta_nao_muda_de_formato (testes_memoria_navegador.TestesMemoriaNavegador.test_sem_memoria_a_resposta_nao_muda_de_formato) ... ok
test_confirmar_ou_rejeitar_a_rede (testes_ecossistema.CicloDeRetorno.test_confirmar_ou_rejeitar_a_rede) ... ok
test_contestar_resposta_vira_sinal_da_especie (testes_ecossistema.CicloDeRetorno.test_contestar_resposta_vira_sinal_da_especie) ... ok
test_contestar_uma_recusa_nao_gera_sinal (testes_ecossistema.CicloDeRetorno.test_contestar_uma_recusa_nao_gera_sinal) ... ok
test_fala_comum_nao_gera_sinal (testes_ecossistema.CicloDeRetorno.test_fala_comum_nao_gera_sinal) ... ok
test_toda_especie_de_sinal_esta_no_mapa (testes_ecossistema.CicloDeRetorno.test_toda_especie_de_sinal_esta_no_mapa) ... ok
test_recuperador_e_especie (testes_ecossistema.EcossistemaNaApi.test_recuperador_e_especie) ... ok
test_resposta_informa_a_especie (testes_ecossistema.EcossistemaNaApi.test_resposta_informa_a_especie) ... ok
test_fato_sem_sujeito_ganha_origem (testes_ecossistema.LigacoesEntreAssuntos.test_fato_sem_sujeito_ganha_origem) ... ok
test_ligacoes_ecologicas_tem_fato_de_origem (testes_ecossistema.LigacoesEntreAssuntos.test_ligacoes_ecologicas_tem_fato_de_origem) ... ok
test_o_que_equilibra_usa_ligacoes_que_chegam (testes_ecossistema.LigacoesEntreAssuntos.test_o_que_equilibra_usa_ligacoes_que_chegam) ... ok
test_relacao_entre_dois_assuntos_usa_ligacao_direta (testes_ecossistema.LigacoesEntreAssuntos.test_relacao_entre_dois_assuntos_usa_ligacao_direta) ... ok
test_sem_ligacao_cadastrada_nao_supoe (testes_ecossistema.LigacoesEntreAssuntos.test_sem_ligacao_cadastrada_nao_supoe) ... ok
test_teia_de_um_assunto (testes_ecossistema.LigacoesEntreAssuntos.test_teia_de_um_assunto) ... ok
test_mapa_integro (testes_ecossistema.MapaDasEspecies.test_mapa_integro) ... ok
test_redes_nunca_se_regulam_so_entre_si (testes_ecossistema.MapaDasEspecies.test_redes_nunca_se_regulam_so_entre_si) ... ok
test_teia_liga_reguladores_as_especies (testes_ecossistema.MapaDasEspecies.test_teia_liga_reguladores_as_especies) ... ok
test_toda_especie_do_mapa_existe_no_codigo (testes_ecossistema.MapaDasEspecies.test_toda_especie_do_mapa_existe_no_codigo) ... ok
test_todo_mecanismo_do_codigo_esta_no_mapa (testes_ecossistema.MapaDasEspecies.test_todo_mecanismo_do_codigo_esta_no_mapa) ... ok
test_especie_do_turno (testes_ecossistema.PainelDeSaude.test_especie_do_turno) ... ok
test_painel_le_os_conjuntos_de_desenvolvimento (testes_ecossistema.PainelDeSaude.test_painel_le_os_conjuntos_de_desenvolvimento) ... ok

----------------------------------------------------------------------
Ran 88 tests in 306.671s

OK
