conteudo	Prioridades de conversa e revisão lógica	﻿2026-10-09T11:34:25.9225880Z ##[group]Run python -m unittest testes_ampliacao.TestesAmpliacao.test_contratos_fixados_antes_dos_novos_pesos testes_integracao_raciocinio_ativo -v
conteudo	Prioridades de conversa e revisão lógica	2026-10-09T11:34:25.9227128Z [36;1mpython -m unittest testes_ampliacao.TestesAmpliacao.test_contratos_fixados_antes_dos_novos_pesos testes_integracao_raciocinio_ativo -v[0m
conteudo	Prioridades de conversa e revisão lógica	2026-10-09T11:34:25.9294379Z shell: /usr/bin/bash -e {0}
conteudo	Prioridades de conversa e revisão lógica	2026-10-09T11:34:25.9294708Z env:
conteudo	Prioridades de conversa e revisão lógica	2026-10-09T11:34:25.9294949Z   OPENBLAS_NUM_THREADS: 1
conteudo	Prioridades de conversa e revisão lógica	2026-10-09T11:34:25.9295233Z   OMP_NUM_THREADS: 1
conteudo	Prioridades de conversa e revisão lógica	2026-10-09T11:34:25.9295621Z   pythonLocation: /opt/hostedtoolcache/Python/3.11.17/x64
conteudo	Prioridades de conversa e revisão lógica	2026-10-09T11:34:25.9296157Z   PKG_CONFIG_PATH: /opt/hostedtoolcache/Python/3.11.17/x64/lib/pkgconfig
conteudo	Prioridades de conversa e revisão lógica	2026-10-09T11:34:25.9296694Z   Python_ROOT_DIR: /opt/hostedtoolcache/Python/3.11.17/x64
conteudo	Prioridades de conversa e revisão lógica	2026-10-09T11:34:25.9297158Z   Python2_ROOT_DIR: /opt/hostedtoolcache/Python/3.11.17/x64
conteudo	Prioridades de conversa e revisão lógica	2026-10-09T11:34:25.9297625Z   Python3_ROOT_DIR: /opt/hostedtoolcache/Python/3.11.17/x64
conteudo	Prioridades de conversa e revisão lógica	2026-10-09T11:34:25.9298101Z   LD_LIBRARY_PATH: /opt/hostedtoolcache/Python/3.11.17/x64/lib
conteudo	Prioridades de conversa e revisão lógica	2026-10-09T11:34:25.9298549Z ##[endgroup]
conteudo	Prioridades de conversa e revisão lógica	2026-10-09T11:34:42.8189013Z test_contratos_fixados_antes_dos_novos_pesos (testes_ampliacao.TestesAmpliacao.test_contratos_fixados_antes_dos_novos_pesos) ... 
conteudo	Prioridades de conversa e revisão lógica	2026-10-09T11:34:42.8191646Z   test_contratos_fixados_antes_dos_novos_pesos (testes_ampliacao.TestesAmpliacao.test_contratos_fixados_antes_dos_novos_pesos) (dialogo='relato explícito no próprio pedido') ... FAIL
conteudo	Prioridades de conversa e revisão lógica	2026-10-09T11:34:59.9986694Z test_casos_frozen_atravessam_api_e_replay (testes_integracao_raciocinio_ativo.TestesIntegracaoRaciocinioAtivo.test_casos_frozen_atravessam_api_e_replay) ... ok
conteudo	Prioridades de conversa e revisão lógica	2026-10-09T11:35:01.0720951Z test_conhecimento_curado_continua_factual (testes_integracao_raciocinio_ativo.TestesIntegracaoRaciocinioAtivo.test_conhecimento_curado_continua_factual) ... ok
conteudo	Prioridades de conversa e revisão lógica	2026-10-09T11:35:02.4082699Z test_hipotese_antiga_e_pergunta_condicional_comum_preservadas (testes_integracao_raciocinio_ativo.TestesIntegracaoRaciocinioAtivo.test_hipotese_antiga_e_pergunta_condicional_comum_preservadas) ... ok
conteudo	Prioridades de conversa e revisão lógica	2026-10-09T11:35:03.6235302Z test_hipotese_nao_altera_grafo_curriculo_ou_memoria (testes_integracao_raciocinio_ativo.TestesIntegracaoRaciocinioAtivo.test_hipotese_nao_altera_grafo_curriculo_ou_memoria) ... ok
conteudo	Prioridades de conversa e revisão lógica	2026-10-09T11:35:09.1985918Z test_prioridade_crise_codigo_e_ausencia_de_rastro_antigo (testes_integracao_raciocinio_ativo.TestesIntegracaoRaciocinioAtivo.test_prioridade_crise_codigo_e_ausencia_de_rastro_antigo) ... ok
conteudo	Prioridades de conversa e revisão lógica	2026-10-09T11:35:09.1987324Z 
conteudo	Prioridades de conversa e revisão lógica	2026-10-09T11:35:09.1987694Z ======================================================================
conteudo	Prioridades de conversa e revisão lógica	2026-10-09T11:35:09.1989799Z FAIL: test_contratos_fixados_antes_dos_novos_pesos (testes_ampliacao.TestesAmpliacao.test_contratos_fixados_antes_dos_novos_pesos) (dialogo='relato explícito no próprio pedido')
conteudo	Prioridades de conversa e revisão lógica	2026-10-09T11:35:09.1991298Z ----------------------------------------------------------------------
conteudo	Prioridades de conversa e revisão lógica	2026-10-09T11:35:09.1991943Z Traceback (most recent call last):
conteudo	Prioridades de conversa e revisão lógica	2026-10-09T11:35:09.1992966Z   File "/home/runner/work/CRIVO/CRIVO/testes_ampliacao.py", line 27, in test_contratos_fixados_antes_dos_novos_pesos
conteudo	Prioridades de conversa e revisão lógica	2026-10-09T11:35:09.1994745Z     self.assertTrue(c["passou"], [t for t in c["turnos"] if not t["passou"]])
conteudo	Prioridades de conversa e revisão lógica	2026-10-09T11:35:09.1998816Z AssertionError: False is not true : [{'pergunta': 'Reformule: Quero pedir ajuda sem parecer que estou cobrando uma resposta.', 'esperado': ['conversa:gerada_reformulacao'], 'id': 'conversa:memoria_sessao', 'resposta': 'Registrei seu relato: o objetivo de Reformule: é pedir ajuda sem parecer que estou cobrando uma resposta.', 'passou': False, 'falhas': ['operação', 'geração concluída']}]
conteudo	Prioridades de conversa e revisão lógica	2026-10-09T11:35:09.2000921Z 
conteudo	Prioridades de conversa e revisão lógica	2026-10-09T11:35:09.2001368Z ----------------------------------------------------------------------
conteudo	Prioridades de conversa e revisão lógica	2026-10-09T11:35:09.2001962Z Ran 6 tests in 42.911s
conteudo	Prioridades de conversa e revisão lógica	2026-10-09T11:35:09.2014059Z 
conteudo	Prioridades de conversa e revisão lógica	2026-10-09T11:35:09.2028901Z FAILED (failures=1)
conteudo	Prioridades de conversa e revisão lógica	2026-10-09T11:35:09.2736514Z ##[error]Process completed with exit code 1.
