test_conta_absurda_nao_trava (testes_compreensao_intencao.ControlesNegativos.test_conta_absurda_nao_trava) ... ok
test_finalidade_nao_apaga_contexto_sem_evidencia (testes_compreensao_intencao.ControlesNegativos.test_finalidade_nao_apaga_contexto_sem_evidencia) ... ok
test_finalidade_sem_ficha_nao_inventa_assunto (testes_compreensao_intencao.ControlesNegativos.test_finalidade_sem_ficha_nao_inventa_assunto) ... ok
test_gosto_pessoal_nao_e_preferencia_de_resposta (testes_compreensao_intencao.ControlesNegativos.test_gosto_pessoal_nao_e_preferencia_de_resposta) ... ok
test_memoria_humana_nao_abre_investigacao_de_heap (testes_compreensao_intencao.ControlesNegativos.test_memoria_humana_nao_abre_investigacao_de_heap) ... ok
test_nao_sei_nao_e_restricao (testes_compreensao_intencao.ControlesNegativos.test_nao_sei_nao_e_restricao) ... ok
test_pedido_ao_assistente_nao_e_objetivo (testes_compreensao_intencao.ControlesNegativos.test_pedido_ao_assistente_nao_e_objetivo) ... ok
test_premissas_explicitas_continuam_no_raciocinio_ativo (testes_compreensao_intencao.ControlesNegativos.test_premissas_explicitas_continuam_no_raciocinio_ativo) ... ok
test_quantificadores_ficam_com_o_grafo (testes_compreensao_intencao.ControlesNegativos.test_quantificadores_ficam_com_o_grafo) ... ok
test_quanto_sem_conta_nao_e_calculo (testes_compreensao_intencao.ControlesNegativos.test_quanto_sem_conta_nao_e_calculo) ... ok
test_relato_com_condicao_nao_vira_conclusao_logica (testes_compreensao_intencao.ControlesNegativos.test_relato_com_condicao_nao_vira_conclusao_logica) ... ok
test_consequencia_com_premissas_em_linguagem_comum (testes_compreensao_intencao.FalhasDoSite.test_consequencia_com_premissas_em_linguagem_comum) ... ok
test_instrucao_da_historia_nao_vira_nome (testes_compreensao_intencao.FalhasDoSite.test_instrucao_da_historia_nao_vira_nome) ... ok
test_investigador_de_memoria_conduz_a_conversa (testes_compreensao_intencao.FalhasDoSite.test_investigador_de_memoria_conduz_a_conversa) ... ok
test_mesma_intencao_em_outra_formulacao (testes_compreensao_intencao.FalhasDoSite.test_mesma_intencao_em_outra_formulacao) ... ok
test_pergunta_pratica_usa_ficha_de_typescript (testes_compreensao_intencao.FalhasDoSite.test_pergunta_pratica_usa_ficha_de_typescript) ... ok
test_preferencia_de_explicacao_e_lembrada (testes_compreensao_intencao.FalhasDoSite.test_preferencia_de_explicacao_e_lembrada) ... ok
test_relato_com_nao_nao_e_negacao_logica (testes_compreensao_intencao.FalhasDoSite.test_relato_com_nao_nao_e_negacao_logica) ... ok
test_sem_tarefa_informada_admite_em_vez_de_chutar (testes_compreensao_intencao.FalhasDoSite.test_sem_tarefa_informada_admite_em_vez_de_chutar) ... ok
test_subtracao_com_sinal_unicode (testes_compreensao_intencao.FalhasDoSite.test_subtracao_com_sinal_unicode) ... ok
test_tarefa_do_dia_nao_vira_previsao_do_tempo (testes_compreensao_intencao.FalhasDoSite.test_tarefa_do_dia_nao_vira_previsao_do_tempo) ... ok
test_contas_em_portugues (testes_compreensao_intencao.FormulacoesIneditas.test_contas_em_portugues) ... ok
test_finalidade_em_varias_formas (testes_compreensao_intencao.FormulacoesIneditas.test_finalidade_em_varias_formas) ... ok
test_inferencias_validas_e_falacias (testes_compreensao_intencao.FormulacoesIneditas.test_inferencias_validas_e_falacias) ... ok
test_objetivos_preferencias_e_restricoes (testes_compreensao_intencao.FormulacoesIneditas.test_objetivos_preferencias_e_restricoes) ... ok
test_outra_forma_de_relatar_memoria_crescendo (testes_compreensao_intencao.FormulacoesIneditas.test_outra_forma_de_relatar_memoria_crescendo) ... ok
test_outra_pergunta_pratica_de_typescript (testes_compreensao_intencao.FormulacoesIneditas.test_outra_pergunta_pratica_de_typescript) ... ok
test_personagem_e_cenario_em_outra_ordem (testes_compreensao_intencao.FormulacoesIneditas.test_personagem_e_cenario_em_outra_ordem) ... ok
test_premissas_espalhadas_em_turnos (testes_compreensao_intencao.FormulacoesIneditas.test_premissas_espalhadas_em_turnos) ... ok
test_memoria_antiga_sem_campos_novos_continua_valida (testes_compreensao_intencao.MemoriaEntreConversas.test_memoria_antiga_sem_campos_novos_continua_valida) ... ok
test_objetivos_e_preferencias_vao_para_a_memoria_opcional (testes_compreensao_intencao.MemoriaEntreConversas.test_objetivos_e_preferencias_vao_para_a_memoria_opcional) ... ok
test_preferencia_curta_encurta_resposta_longa (testes_compreensao_intencao.MemoriaEntreConversas.test_preferencia_curta_encurta_resposta_longa) ... ok

----------------------------------------------------------------------
Ran 32 tests in 219.541s

OK
