test_chat_preserva_vinte_minutos_e_mochila_da_lia (testes_memoria_sessao.TestesIntegracaoMemoriaSessao.test_chat_preserva_vinte_minutos_e_mochila_da_lia) ... ok
test_reinicio_nativo_limpa_a_memoria_nova (testes_memoria_sessao.TestesIntegracaoMemoriaSessao.test_reinicio_nativo_limpa_a_memoria_nova) ... ok
test_rotas_factuais_crise_e_codigo_preservadas (testes_memoria_sessao.TestesIntegracaoMemoriaSessao.test_rotas_factuais_crise_e_codigo_preservadas) ... ok
test_web_reconstroi_historico_e_nao_compartilha_estado (testes_memoria_sessao.TestesIntegracaoMemoriaSessao.test_web_reconstroi_historico_e_nao_compartilha_estado) ... ok
test_agenda_multiclausula_ficcao_e_pergunta_sem_evidencia_mantem_rotas (testes_memoria_sessao.TestesMemoriaSessao.test_agenda_multiclausula_ficcao_e_pergunta_sem_evidencia_mantem_rotas) ... ok
test_atribuicao_relata_sem_promover_para_usuario (testes_memoria_sessao.TestesMemoriaSessao.test_atribuicao_relata_sem_promover_para_usuario) ... ok
test_copia_isolamento_reinicio_e_mudanca_de_tema (testes_memoria_sessao.TestesMemoriaSessao.test_copia_isolamento_reinicio_e_mudanca_de_tema) ... ok
test_correcao_preserva_local_e_apos_retracao_nao_inventa_cor (testes_memoria_sessao.TestesMemoriaSessao.test_correcao_preserva_local_e_apos_retracao_nao_inventa_cor) ... ok
test_hipoteses_perguntas_e_citacoes_nao_substituem_preferencia (testes_memoria_sessao.TestesMemoriaSessao.test_hipoteses_perguntas_e_citacoes_nao_substituem_preferencia) ... ok
test_negacao_propria_retrai_sem_trocar_pessoa (testes_memoria_sessao.TestesMemoriaSessao.test_negacao_propria_retrai_sem_trocar_pessoa) ... ok
test_pronome_ambiguo_nao_usa_apenas_a_ultima_pessoa (testes_memoria_sessao.TestesMemoriaSessao.test_pronome_ambiguo_nao_usa_apenas_a_ultima_pessoa) ... ok
test_query_nunca_vira_fonte_e_negacao_nao_apaga_valor_diferente (testes_memoria_sessao.TestesMemoriaSessao.test_query_nunca_vira_fonte_e_negacao_nao_apaga_valor_diferente) ... ok
test_renomear_pessoas_objetos_e_preferencias_preserva_relacao (testes_memoria_sessao.TestesMemoriaSessao.test_renomear_pessoas_objetos_e_preferencias_preserva_relacao) ... ok
test_aberturas_situadas_trocam_fontes_mas_preservam_assunto_para_retomada (testes_dialogo_situado.TestesIntegracaoSituada.test_aberturas_situadas_trocam_fontes_mas_preservam_assunto_para_retomada) ... ok
test_api_reconstroi_referencia_e_identifica_politica_sem_prova (testes_dialogo_situado.TestesIntegracaoSituada.test_api_reconstroi_referencia_e_identifica_politica_sem_prova) ... ok
test_cada_resposta_consumiu_apenas_um_turno_inclusive_recusa_resgatada (testes_dialogo_situado.TestesIntegracaoSituada.test_cada_resposta_consumiu_apenas_um_turno_inclusive_recusa_resgatada) ... ok
test_definicao_citada_usa_acervo_sem_contaminar_relato_pessoal (testes_dialogo_situado.TestesIntegracaoSituada.test_definicao_citada_usa_acervo_sem_contaminar_relato_pessoal) ... ok
test_tempo_condicional_nao_muda_memoria_nem_plano_nativo (testes_dialogo_situado.TestesIntegracaoSituada.test_tempo_condicional_nao_muda_memoria_nem_plano_nativo) ... ok
test_abertura_nativa_delimita_escopos_e_consulta_factual_suspende_ficcao (testes_dialogo_situado.TestesQuadroSituado.test_abertura_nativa_delimita_escopos_e_consulta_factual_suspende_ficcao) ... ok
test_alternativas_ordenadas_e_explicacao_da_referencia (testes_dialogo_situado.TestesQuadroSituado.test_alternativas_ordenadas_e_explicacao_da_referencia) ... ok
test_circunstancia_pode_acrescentar_fator_a_hipotese_sem_virar_prova (testes_dialogo_situado.TestesQuadroSituado.test_circunstancia_pode_acrescentar_fator_a_hipotese_sem_virar_prova) ... ok
test_citacao_premissas_e_fontes_preservam_rota (testes_dialogo_situado.TestesQuadroSituado.test_citacao_premissas_e_fontes_preservam_rota) ... ok
test_definicao_com_termo_citado_nao_exige_mencao_anterior (testes_dialogo_situado.TestesQuadroSituado.test_definicao_com_termo_citado_nao_exige_mencao_anterior) ... ok
test_fato_suspende_elipses_pessoais_e_adjetivo_nao_declara_ficcao (testes_dialogo_situado.TestesQuadroSituado.test_fato_suspende_elipses_pessoais_e_adjetivo_nao_declara_ficcao) ... ok
test_feedback_passado_nao_e_pedido_de_pergunta_e_abertura_nativa (testes_dialogo_situado.TestesQuadroSituado.test_feedback_passado_nao_e_pedido_de_pergunta_e_abertura_nativa) ... ok
test_ficcao_nao_e_evidencia_nem_fato_conhecido (testes_dialogo_situado.TestesQuadroSituado.test_ficcao_nao_e_evidencia_nem_fato_conhecido) ... ok
test_instrucao_citada_e_foco_explicito_nao_viram_comando (testes_dialogo_situado.TestesQuadroSituado.test_instrucao_citada_e_foco_explicito_nao_viram_comando) ... ok
test_mudanca_de_tema_remove_fontes_anteriores (testes_dialogo_situado.TestesQuadroSituado.test_mudanca_de_tema_remove_fontes_anteriores) ... ok
test_novo_tema_com_verbo_inedito_nao_depende_de_catalogo (testes_dialogo_situado.TestesQuadroSituado.test_novo_tema_com_verbo_inedito_nao_depende_de_catalogo) ... ok
test_objetivo_e_disponibilidade_compatíveis_com_memoria_nativa (testes_dialogo_situado.TestesQuadroSituado.test_objetivo_e_disponibilidade_compatíveis_com_memoria_nativa) ... ok
test_ordem_fora_do_contrato_pede_referencia (testes_dialogo_situado.TestesQuadroSituado.test_ordem_fora_do_contrato_pede_referencia) ... ok
test_reset_remove_escopo_hipotetico_e_ficcional (testes_dialogo_situado.TestesQuadroSituado.test_reset_remove_escopo_hipotetico_e_ficcional) ... ok
test_sem_contexto_nao_inventa_relatos_para_reformular (testes_dialogo_situado.TestesQuadroSituado.test_sem_contexto_nao_inventa_relatos_para_reformular) ... ok
test_tempo_embutido_em_crenca_ou_condicao_nao_substitui_declaracao (testes_dialogo_situado.TestesQuadroSituado.test_tempo_embutido_em_crenca_ou_condicao_nao_substitui_declaracao) ... ok
test_tempo_real_condicional_citado_negado (testes_dialogo_situado.TestesQuadroSituado.test_tempo_real_condicional_citado_negado) ... ok
test_acervo_e_formal_preservados (testes_raciocinio_conversa.TestesIntegracaoRaciocinioConversa.test_acervo_e_formal_preservados) ... ok
test_motor_e_web_conservam_argumentos_e_operacao (testes_raciocinio_conversa.TestesIntegracaoRaciocinioConversa.test_motor_e_web_conservam_argumentos_e_operacao) ... ok
test_agenda_interrogada_nao_se_torna_declaracao (testes_raciocinio_conversa.TestesRaciocinioConversa.test_agenda_interrogada_nao_se_torna_declaracao) ... ok
test_agendas_atualizacao_negacao_e_intersecao (testes_raciocinio_conversa.TestesRaciocinioConversa.test_agendas_atualizacao_negacao_e_intersecao) ... ok
test_atualizacao_ambigua_nao_escolhe_componente_arbitrario (testes_raciocinio_conversa.TestesRaciocinioConversa.test_atualizacao_ambigua_nao_escolhe_componente_arbitrario) ... ok
test_conflito_na_mesma_fala_nao_vira_prova (testes_raciocinio_conversa.TestesRaciocinioConversa.test_conflito_na_mesma_fala_nao_vira_prova) ... ok
test_custo_composto_revisado_sem_dupla_soma (testes_raciocinio_conversa.TestesRaciocinioConversa.test_custo_composto_revisado_sem_dupla_soma) ... ok
test_decimal_nao_usa_float_binario (testes_raciocinio_conversa.TestesRaciocinioConversa.test_decimal_nao_usa_float_binario) ... ok
test_duracoes_e_saldo_parametrizados (testes_raciocinio_conversa.TestesRaciocinioConversa.test_duracoes_e_saldo_parametrizados) ... ok
test_fontes_usuario_e_hipotese_nao_saida (testes_raciocinio_conversa.TestesRaciocinioConversa.test_fontes_usuario_e_hipotese_nao_saida) ... ok
test_hipotese_custo_e_retomada_real (testes_raciocinio_conversa.TestesRaciocinioConversa.test_hipotese_custo_e_retomada_real) ... ok
test_hipotese_posse_nao_apaga_negacao_real (testes_raciocinio_conversa.TestesRaciocinioConversa.test_hipotese_posse_nao_apaga_negacao_real) ... ok
test_horas_e_hipotese_preservam_realidade (testes_raciocinio_conversa.TestesRaciocinioConversa.test_horas_e_hipotese_preservam_realidade) ... ok
test_memoria_e_tarefas_limitadas (testes_raciocinio_conversa.TestesRaciocinioConversa.test_memoria_e_tarefas_limitadas) ... ok
test_negacao_de_conhecimento_nao_vira_disponibilidade (testes_raciocinio_conversa.TestesRaciocinioConversa.test_negacao_de_conhecimento_nao_vira_disponibilidade) ... ok
test_negacao_local_nao_contamina_posse_positiva (testes_raciocinio_conversa.TestesRaciocinioConversa.test_negacao_local_nao_contamina_posse_positiva) ... ok
test_novo_participante_precisa_informar_agenda (testes_raciocinio_conversa.TestesRaciocinioConversa.test_novo_participante_precisa_informar_agenda) ... ok
test_ou_requer_apenas_um_item_e_nao_inventa_o_outro (testes_raciocinio_conversa.TestesRaciocinioConversa.test_ou_requer_apenas_um_item_e_nao_inventa_o_outro) ... ok
test_pergunta_nao_altera_fato_e_unidade_estranha_nao_vira_reais (testes_raciocinio_conversa.TestesRaciocinioConversa.test_pergunta_nao_altera_fato_e_unidade_estranha_nao_vira_reais) ... ok
test_requisito_desconhecido_nao_e_negativo (testes_raciocinio_conversa.TestesRaciocinioConversa.test_requisito_desconhecido_nao_e_negativo) ... ok
test_reset_e_isolamento (testes_raciocinio_conversa.TestesRaciocinioConversa.test_reset_e_isolamento) ... ok
test_taxas_com_mesmo_nome_exigem_opcao (testes_raciocinio_conversa.TestesRaciocinioConversa.test_taxas_com_mesmo_nome_exigem_opcao) ... ok
test_transferencia_nao_inventa_exclusividade (testes_raciocinio_conversa.TestesRaciocinioConversa.test_transferencia_nao_inventa_exclusividade) ... ok
test_confirmacao_atravessa_http_com_fontes_e_valor_corretos (testes_hipoteses_confirmadas.TestesHTTPHipotesesConfirmadas.test_confirmacao_atravessa_http_com_fontes_e_valor_corretos) ... 127.0.0.1 - - [09/Oct/2026 11:23:58] "POST /api/chat HTTP/1.1" 200 -
ok
test_condicional_fora_da_gramatica_nao_confirma_cenario_antigo (testes_hipoteses_confirmadas.TestesHipotesesConfirmadas.test_condicional_fora_da_gramatica_nao_confirma_cenario_antigo) ... ok
test_confirmacao_conserva_origem_literal_e_fonte_da_confirmacao (testes_hipoteses_confirmadas.TestesHipotesesConfirmadas.test_confirmacao_conserva_origem_literal_e_fonte_da_confirmacao) ... ok
test_confirmacao_de_um_dominio_preserva_os_outros (testes_hipoteses_confirmadas.TestesHipotesesConfirmadas.test_confirmacao_de_um_dominio_preserva_os_outros) ... ok
test_confirmacao_nao_ressuscita_hipotese_apos_reset (testes_hipoteses_confirmadas.TestesHipotesesConfirmadas.test_confirmacao_nao_ressuscita_hipotese_apos_reset) ... ok
test_confirmacao_sem_hipotese_nao_inventa_dado (testes_hipoteses_confirmadas.TestesHipotesesConfirmadas.test_confirmacao_sem_hipotese_nao_inventa_dado) ... ok
test_consulta_factual_descarta_a_alternativa (testes_hipoteses_confirmadas.TestesHipotesesConfirmadas.test_consulta_factual_descarta_a_alternativa) ... ok
test_consulta_usa_alternativa_sem_modificar_os_fatos (testes_hipoteses_confirmadas.TestesHipotesesConfirmadas.test_consulta_usa_alternativa_sem_modificar_os_fatos) ... ok
test_correcao_real_encerra_hipotese_sem_aplicar_valores_antigos (testes_hipoteses_confirmadas.TestesHipotesesConfirmadas.test_correcao_real_encerra_hipotese_sem_aplicar_valores_antigos) ... ok
test_descarte_preserva_valor_ja_confirmado (testes_hipoteses_confirmadas.TestesHipotesesConfirmadas.test_descarte_preserva_valor_ja_confirmado) ... ok
test_estado_limitado_sem_snapshots_recursivos (testes_hipoteses_confirmadas.TestesHipotesesConfirmadas.test_estado_limitado_sem_snapshots_recursivos) ... ok
test_hipotese_ambigua_nao_deixa_confirmar_a_anterior (testes_hipoteses_confirmadas.TestesHipotesesConfirmadas.test_hipotese_ambigua_nao_deixa_confirmar_a_anterior) ... ok
test_invariantes_parametrizadas_de_confirmacao_e_descarte (testes_hipoteses_confirmadas.TestesHipotesesConfirmadas.test_invariantes_parametrizadas_de_confirmacao_e_descarte) ... ok
test_nova_hipotese_parte_dos_fatos_e_nao_da_alternativa (testes_hipoteses_confirmadas.TestesHipotesesConfirmadas.test_nova_hipotese_parte_dos_fatos_e_nao_da_alternativa) ... ok
test_sem_vazamento_entre_instancias (testes_hipoteses_confirmadas.TestesHipotesesConfirmadas.test_sem_vazamento_entre_instancias) ... ok
test_sim_negacao_citacao_e_pergunta_nao_confirmam (testes_hipoteses_confirmadas.TestesHipotesesConfirmadas.test_sim_negacao_citacao_e_pergunta_nao_confirmam) ... ok
test_mesmos_valores_e_fontes_no_motor_e_no_replay_web (testes_hipoteses_confirmadas.TestesIntegracaoHipotesesConfirmadas.test_mesmos_valores_e_fontes_no_motor_e_no_replay_web) ... ok
test_associacao_e_correcao_nao_recebem_diagnostico (testes_argumentos_conversa.TestesArgumentosConversa.test_associacao_e_correcao_nao_recebem_diagnostico) ... ok
test_cena_nao_atualiza_fatos_pessoais (testes_argumentos_conversa.TestesArgumentosConversa.test_cena_nao_atualiza_fatos_pessoais) ... ok
test_citacao_e_factual_nao_criam_objetivos (testes_argumentos_conversa.TestesArgumentosConversa.test_citacao_e_factual_nao_criam_objetivos) ... ok
test_dilema_e_alternativa_conservam_fontes_sem_decidir (testes_argumentos_conversa.TestesArgumentosConversa.test_dilema_e_alternativa_conservam_fontes_sem_decidir) ... ok
test_hipotese_nao_cria_memoria_real (testes_argumentos_conversa.TestesArgumentosConversa.test_hipotese_nao_cria_memoria_real) ... ok
test_isolamento_reset_e_limites (testes_argumentos_conversa.TestesArgumentosConversa.test_isolamento_reset_e_limites) ... ok
test_novo_assunto_e_consulta_factual_nao_repetem_dilema (testes_argumentos_conversa.TestesArgumentosConversa.test_novo_assunto_e_consulta_factual_nao_repetem_dilema) ... ok
test_uma_resposta_um_turno (testes_argumentos_conversa.TestesIntegracaoArgumentos.test_uma_resposta_um_turno) ... ok
test_web_retoma_alternativa_e_nao_declara_prova (testes_argumentos_conversa.TestesIntegracaoArgumentos.test_web_retoma_alternativa_e_nao_declara_prova) ... ok
test_citacoes_e_hipoteses_nao_criam_transicao_de_segmento (testes_memoria_dialogo.TestesMemoriaDialogo.test_citacoes_e_hipoteses_nao_criam_transicao_de_segmento) ... ok
test_correcao_de_modo_considera_o_pedido_atual_sem_mutar (testes_memoria_dialogo.TestesMemoriaDialogo.test_correcao_de_modo_considera_o_pedido_atual_sem_mutar) ... ok
test_correcao_sem_alvo_anterior_preserva_as_alternativas (testes_memoria_dialogo.TestesMemoriaDialogo.test_correcao_sem_alvo_anterior_preserva_as_alternativas) ... ok
test_detalhe_acrescentado_nao_substitui_pessoa_do_evento (testes_memoria_dialogo.TestesMemoriaDialogo.test_detalhe_acrescentado_nao_substitui_pessoa_do_evento) ... ok
test_emoção_propria_nao_vira_emocao_alheia_negada_ou_hipotetica (testes_memoria_dialogo.TestesMemoriaDialogo.test_emoção_propria_nao_vira_emocao_alheia_negada_ou_hipotetica) ... ok
test_estado_isolado_e_resultados_nao_mutam_memoria (testes_memoria_dialogo.TestesMemoriaDialogo.test_estado_isolado_e_resultados_nao_mutam_memoria) ... ok
test_expira_pelo_numero_de_turnos_incluindo_recusas (testes_memoria_dialogo.TestesMemoriaDialogo.test_expira_pelo_numero_de_turnos_incluindo_recusas) ... ok
test_fontes_modelo_nunca_se_promovem_sem_evidencia (testes_memoria_dialogo.TestesMemoriaDialogo.test_fontes_modelo_nunca_se_promovem_sem_evidencia) ... ok
test_fontes_relevantes_conservam_restricao_e_emocao_declaradas (testes_memoria_dialogo.TestesMemoriaDialogo.test_fontes_relevantes_conservam_restricao_e_emocao_declaradas) ... ok
test_fontes_relevantes_incluem_relato_e_correcao_sem_texto_derivado (testes_memoria_dialogo.TestesMemoriaDialogo.test_fontes_relevantes_incluem_relato_e_correcao_sem_texto_derivado) ... ok
test_fontes_relevantes_recuperam_falas_literais_sem_falas_do_modelo (testes_memoria_dialogo.TestesMemoriaDialogo.test_fontes_relevantes_recuperam_falas_literais_sem_falas_do_modelo) ... ok
test_hipotese_nao_substitui_objetivo_declarado (testes_memoria_dialogo.TestesMemoriaDialogo.test_hipotese_nao_substitui_objetivo_declarado) ... ok
test_historico_ativo_muda_e_retomada_nao_recupera_fonte_expirada (testes_memoria_dialogo.TestesMemoriaDialogo.test_historico_ativo_muda_e_retomada_nao_recupera_fonte_expirada) ... ok
test_limites_e_retorno_de_fontes_nao_compartilham_mutacoes (testes_memoria_dialogo.TestesMemoriaDialogo.test_limites_e_retorno_de_fontes_nao_compartilham_mutacoes) ... ok
test_mudanca_de_assunto_desativa_objetivo_sem_apagar_dialogo (testes_memoria_dialogo.TestesMemoriaDialogo.test_mudanca_de_assunto_desativa_objetivo_sem_apagar_dialogo) ... ok
test_objetivo_recusado_nao_substitui_declaracao_e_negacao_tem_escopo (testes_memoria_dialogo.TestesMemoriaDialogo.test_objetivo_recusado_nao_substitui_declaracao_e_negacao_tem_escopo) ... ok
test_pedido_atual_enriquece_contexto_sem_alterar_memoria (testes_memoria_dialogo.TestesMemoriaDialogo.test_pedido_atual_enriquece_contexto_sem_alterar_memoria) ... ok
test_pergunta_pendente_e_inspecao_se_referem_a_resposta_real (testes_memoria_dialogo.TestesMemoriaDialogo.test_pergunta_pendente_e_inspecao_se_referem_a_resposta_real) ... ok
test_pessoa_recusada_nao_vira_referente_ativo (testes_memoria_dialogo.TestesMemoriaDialogo.test_pessoa_recusada_nao_vira_referente_ativo) ... ok
test_quadro_rejeitado_e_spans_invalidos_nao_promovem_relato (testes_memoria_dialogo.TestesMemoriaDialogo.test_quadro_rejeitado_e_spans_invalidos_nao_promovem_relato) ... ok
test_referencia_ambigua_nao_escolhe_pessoa_arbitrariamente (testes_memoria_dialogo.TestesMemoriaDialogo.test_referencia_ambigua_nao_escolhe_pessoa_arbitrariamente) ... ok
test_registra_respostas_reais_e_recusas_sem_promover_sentimentos (testes_memoria_dialogo.TestesMemoriaDialogo.test_registra_respostas_reais_e_recusas_sem_promover_sentimentos) ... ok
test_reset_remove_tambem_fontes_e_memoria_antiga (testes_memoria_dialogo.TestesMemoriaDialogo.test_reset_remove_tambem_fontes_e_memoria_antiga) ... ok
test_retificacao_preserva_fontes_e_atualiza_evento_e_entidade (testes_memoria_dialogo.TestesMemoriaDialogo.test_retificacao_preserva_fontes_e_atualiza_evento_e_entidade) ... ok
test_retomada_explicita_recupera_segmento_fonte_sem_mesclar_objetivos (testes_memoria_dialogo.TestesMemoriaDialogo.test_retomada_explicita_recupera_segmento_fonte_sem_mesclar_objetivos) ... ok
test_sem_analise_aceita_nao_extrai_comandos_por_palavras (testes_memoria_dialogo.TestesMemoriaDialogo.test_sem_analise_aceita_nao_extrai_comandos_por_palavras) ... ok
test_span_citado_nao_se_torna_objetivo_do_usuario (testes_memoria_dialogo.TestesMemoriaDialogo.test_span_citado_nao_se_torna_objetivo_do_usuario) ... ok
test_spans_exigem_literal_e_posicoes_reais (testes_memoria_dialogo.TestesMemoriaDialogo.test_spans_exigem_literal_e_posicoes_reais) ... ok
test_resumo_por_tipo (testes_memoria_navegador.TestesAvaliacaoHumana.test_resumo_por_tipo) ... ok
test_memoria_invalida_e_recusada (testes_memoria_navegador.TestesMemoriaNavegador.test_memoria_invalida_e_recusada) ... ok
test_nome_e_apelido_voltam_na_proxima_visita (testes_memoria_navegador.TestesMemoriaNavegador.test_nome_e_apelido_voltam_na_proxima_visita) ... ok
test_relato_de_outra_visita_responde_sem_virar_palpite (testes_memoria_navegador.TestesMemoriaNavegador.test_relato_de_outra_visita_responde_sem_virar_palpite) ... ok
test_sem_memoria_a_resposta_nao_muda_de_formato (testes_memoria_navegador.TestesMemoriaNavegador.test_sem_memoria_a_resposta_nao_muda_de_formato) ... ok
test_catraca (testes_crise.TestesCrise.test_catraca) ... ok
test_conversa_continua_com_cuidado_e_fatos_seguem (testes_crise.TestesCrise.test_conversa_continua_com_cuidado_e_fatos_seguem) ... ok
test_expressoes_do_dia_a_dia (testes_crise.TestesCrise.test_expressoes_do_dia_a_dia) ... ok
test_quero_morrer_nunca_vira_objetivo (testes_crise.TestesCrise.test_quero_morrer_nunca_vira_objetivo) ... ok
test_confirmar_ou_rejeitar_a_rede (testes_ecossistema.CicloDeRetorno.test_confirmar_ou_rejeitar_a_rede) ... ok
test_contestar_resposta_vira_sinal_da_especie (testes_ecossistema.CicloDeRetorno.test_contestar_resposta_vira_sinal_da_especie) ... ok
test_contestar_uma_recusa_nao_gera_sinal (testes_ecossistema.CicloDeRetorno.test_contestar_uma_recusa_nao_gera_sinal) ... ok
test_fala_comum_nao_gera_sinal (testes_ecossistema.CicloDeRetorno.test_fala_comum_nao_gera_sinal) ... ok
test_toda_especie_de_sinal_esta_no_mapa (testes_ecossistema.CicloDeRetorno.test_toda_especie_de_sinal_esta_no_mapa) ... ok
test_recuperador_e_especie (testes_ecossistema.EcossistemaNaApi.test_recuperador_e_especie) ... ok
test_resposta_informa_a_especie (testes_ecossistema.EcossistemaNaApi.test_resposta_informa_a_especie) ... ok
test_fato_sem_sujeito_ganha_origem (testes_ecossistema.LigacoesEntreAssuntos.test_fato_sem_sujeito_ganha_origem) ... ok
test_ligacoes_ecologicas_tem_fato_de_origem (testes_ecossistema.LigacoesEntreAssuntos.test_ligacoes_ecologicas_tem_fato_de_origem) ... ok
test_o_que_equilibra_usa_ligacoes_que_chegam (testes_ecossistema.LigacoesEntreAssuntos.test_o_que_equilibra_usa_ligacoes_que_chegam) ... ok
test_relacao_entre_dois_assuntos_usa_ligacao_direta (testes_ecossistema.LigacoesEntreAssuntos.test_relacao_entre_dois_assuntos_usa_ligacao_direta) ... ok
test_sem_ligacao_cadastrada_nao_supoe (testes_ecossistema.LigacoesEntreAssuntos.test_sem_ligacao_cadastrada_nao_supoe) ... ok
test_teia_de_um_assunto (testes_ecossistema.LigacoesEntreAssuntos.test_teia_de_um_assunto) ... ok
test_mapa_integro (testes_ecossistema.MapaDasEspecies.test_mapa_integro) ... ok
test_redes_nunca_se_regulam_so_entre_si (testes_ecossistema.MapaDasEspecies.test_redes_nunca_se_regulam_so_entre_si) ... ok
test_teia_liga_reguladores_as_especies (testes_ecossistema.MapaDasEspecies.test_teia_liga_reguladores_as_especies) ... ok
test_toda_especie_do_mapa_existe_no_codigo (testes_ecossistema.MapaDasEspecies.test_toda_especie_do_mapa_existe_no_codigo) ... ok
test_todo_mecanismo_do_codigo_esta_no_mapa (testes_ecossistema.MapaDasEspecies.test_todo_mecanismo_do_codigo_esta_no_mapa) ... ok
test_especie_do_turno (testes_ecossistema.PainelDeSaude.test_especie_do_turno) ... ok
test_painel_le_os_conjuntos_de_desenvolvimento (testes_ecossistema.PainelDeSaude.test_painel_le_os_conjuntos_de_desenvolvimento) ... ok
test_perguntas_do_menu_tem_resposta (testes_web.TestesAssuntosDaPagina.test_perguntas_do_menu_tem_resposta) ... ok
test_corpo_ja_recebido_sem_length_preserva_conversa (testes_web.TestesCorpoServerless.test_corpo_ja_recebido_sem_length_preserva_conversa) ... ok
test_limite_vazio_e_json_invalido_mesmo_sem_length (testes_web.TestesCorpoServerless.test_limite_vazio_e_json_invalido_mesmo_sem_length) ... ok
test_sem_length_socket_nao_e_lido_e_cabecalho_invalido_nao_e_ignorado (testes_web.TestesCorpoServerless.test_sem_length_socket_nao_e_lido_e_cabecalho_invalido_nao_e_ignorado) ... ok
test_conhecimento_e_provas_de_fatos (testes_web.TestesWebCore.test_conhecimento_e_provas_de_fatos) ... ok
test_mensagem_invalida (testes_web.TestesWebCore.test_mensagem_invalida) ... ok
test_payload_nao_escreve_em_arquivos_de_conhecimento (testes_web.TestesWebCore.test_payload_nao_escreve_em_arquivos_de_conhecimento) ... ok
test_reconstroi_contexto_em_vez_de_salvar_no_servidor (testes_web.TestesWebCore.test_reconstroi_contexto_em_vez_de_salvar_no_servidor) ... ok
test_responde_usando_mesmo_crivo (testes_web.TestesWebCore.test_responde_usando_mesmo_crivo) ... ok
test_frontend_texto_seguro (testes_web.TestesWebHTTP.test_frontend_texto_seguro) ... ok
test_home_assets_and_health (testes_web.TestesWebHTTP.test_home_assets_and_health) ... 127.0.0.1 - - [09/Oct/2026 11:29:05] "GET / HTTP/1.1" 200 -
127.0.0.1 - - [09/Oct/2026 11:29:05] "GET /styles.css HTTP/1.1" 200 -
127.0.0.1 - - [09/Oct/2026 11:29:05] "GET /app.js HTTP/1.1" 200 -
127.0.0.1 - - [09/Oct/2026 11:29:05] "GET /favicon.svg HTTP/1.1" 200 -
127.0.0.1 - - [09/Oct/2026 11:29:05] "GET /api/chat HTTP/1.1" 200 -
ok
test_http_gerador_reconstroi_poema_e_personagens (testes_web.TestesWebHTTP.test_http_gerador_reconstroi_poema_e_personagens) ... 127.0.0.1 - - [09/Oct/2026 11:29:07] "POST /api/chat HTTP/1.1" 200 -
ok
test_http_post_retorna_resposta_real (testes_web.TestesWebHTTP.test_http_post_retorna_resposta_real) ... 127.0.0.1 - - [09/Oct/2026 11:29:08] "POST /api/chat HTTP/1.1" 200 -
ok
test_rejeita_content_type_e_json_ruins (testes_web.TestesWebHTTP.test_rejeita_content_type_e_json_ruins) ... 127.0.0.1 - - [09/Oct/2026 11:29:08] "POST /api/chat HTTP/1.1" 415 -
127.0.0.1 - - [09/Oct/2026 11:29:08] "POST /api/chat HTTP/1.1" 400 -
127.0.0.1 - - [09/Oct/2026 11:29:08] "GET /api/nao-existe HTTP/1.1" 404 -
ok

----------------------------------------------------------------------
Ran 155 tests in 358.951s

OK
