test_memoria_antiga_sem_campos_novos_continua_valida (testes_compreensao_intencao.MemoriaEntreConversas.test_memoria_antiga_sem_campos_novos_continua_valida) ... ok
test_objetivos_e_preferencias_vao_para_a_memoria_opcional (testes_compreensao_intencao.MemoriaEntreConversas.test_objetivos_e_preferencias_vao_para_a_memoria_opcional) ... ok
test_preferencia_curta_encurta_resposta_longa (testes_compreensao_intencao.MemoriaEntreConversas.test_preferencia_curta_encurta_resposta_longa) ... ok
test_tarefa_do_dia_nao_vira_previsao_do_tempo (testes_compreensao_intencao.FalhasDoSite.test_tarefa_do_dia_nao_vira_previsao_do_tempo) ... ok
test_chat_preserva_vinte_minutos_e_mochila_da_lia (testes_memoria_sessao.TestesIntegracaoMemoriaSessao.test_chat_preserva_vinte_minutos_e_mochila_da_lia) ... ok
test_reinicio_nativo_limpa_a_memoria_nova (testes_memoria_sessao.TestesIntegracaoMemoriaSessao.test_reinicio_nativo_limpa_a_memoria_nova) ... ok
test_rotas_factuais_crise_e_codigo_preservadas (testes_memoria_sessao.TestesIntegracaoMemoriaSessao.test_rotas_factuais_crise_e_codigo_preservadas) ... ok
test_web_reconstroi_historico_e_nao_compartilha_estado (testes_memoria_sessao.TestesIntegracaoMemoriaSessao.test_web_reconstroi_historico_e_nao_compartilha_estado) ... ok
test_agenda_multiclausula_ficcao_e_pergunta_sem_evidencia_mantem_rotas (testes_memoria_sessao.TestesMemoriaSessao.test_agenda_multiclausula_ficcao_e_pergunta_sem_evidencia_mantem_rotas) ... ok
test_atribuicao_relata_sem_promover_para_usuario (testes_memoria_sessao.TestesMemoriaSessao.test_atribuicao_relata_sem_promover_para_usuario) ... ok
test_copia_isolamento_reinicio_e_mudanca_de_tema (testes_memoria_sessao.TestesMemoriaSessao.test_copia_isolamento_reinicio_e_mudanca_de_tema) ... ok
test_correcao_preserva_local_e_apos_retracao_nao_inventa_cor (testes_memoria_sessao.TestesMemoriaSessao.test_correcao_preserva_local_e_apos_retracao_nao_inventa_cor) ... ok
test_hipoteses_perguntas_e_citacoes_nao_substituem_preferencia (testes_memoria_sessao.TestesMemoriaSessao.test_hipoteses_perguntas_e_citacoes_nao_substituem_preferencia) ... ok
test_negacao_propria_retrai_sem_trocar_pessoa (testes_memoria_sessao.TestesMemoriaSessao.test_negacao_propria_retrai_sem_trocar_pessoa) ... ok
test_pedidos_de_operacao_nao_inventam_pessoas_ou_objetivos (testes_memoria_sessao.TestesMemoriaSessao.test_pedidos_de_operacao_nao_inventam_pessoas_ou_objetivos) ... ok
test_prefixos_da_primeira_pessoa_nao_criam_pessoas (testes_memoria_sessao.TestesMemoriaSessao.test_prefixos_da_primeira_pessoa_nao_criam_pessoas) ... ok
test_pronome_ambiguo_nao_usa_apenas_a_ultima_pessoa (testes_memoria_sessao.TestesMemoriaSessao.test_pronome_ambiguo_nao_usa_apenas_a_ultima_pessoa) ... ok
test_query_nunca_vira_fonte_e_negacao_nao_apaga_valor_diferente (testes_memoria_sessao.TestesMemoriaSessao.test_query_nunca_vira_fonte_e_negacao_nao_apaga_valor_diferente) ... ok
test_renomear_pessoas_objetos_e_preferencias_preserva_relacao (testes_memoria_sessao.TestesMemoriaSessao.test_renomear_pessoas_objetos_e_preferencias_preserva_relacao) ... ok

----------------------------------------------------------------------
Ran 19 tests in 46.510s

OK
