inspecao 0 {"etapa": 0, "entrada": "Hoje fiquei alguns minutos olhando a luz entrar pela janela. Foi uma pausa boa.", "resposta": "Você pode ter uma bela de uma bela, e você.", "terminou": true, "tokens": 14, "tokens_prompt": 29, "falas_historico_disponiveis": 0, "falas_historico_mantidas": 0, "tokens_prefixo_fora_contexto_no_fim": 0, "segundos": 0.287}
inspecao 1 {"etapa": 1, "entrada": "Não estou pedindo uma rotina. Quero só conversar sobre essa sensação.", "resposta": "Claro! Qual parte você pode fazer com você?", "terminou": true, "tokens": 13, "tokens_prompt": 66, "falas_historico_disponiveis": 2, "falas_historico_mantidas": 2, "tokens_prefixo_fora_contexto_no_fim": 0, "segundos": 0.366}
{
  "aprovado_para_chat": false,
  "sessoes": [
    {
      "id": "inspecao",
      "rubrica": "Inspeção autoral, sem aprovação automática.",
      "respostas": [
        {
          "etapa": 0,
          "entrada": "Hoje fiquei alguns minutos olhando a luz entrar pela janela. Foi uma pausa boa.",
          "resposta": "Você pode ter uma bela de uma bela, e você.",
          "terminou": true,
          "tokens": 14,
          "tokens_prompt": 29,
          "falas_historico_disponiveis": 0,
          "falas_historico_mantidas": 0,
          "tokens_prefixo_fora_contexto_no_fim": 0,
          "segundos": 0.287
        },
        {
          "etapa": 1,
          "entrada": "Não estou pedindo uma rotina. Quero só conversar sobre essa sensação.",
          "resposta": "Claro! Qual parte você pode fazer com você?",
          "terminou": true,
          "tokens": 13,
          "tokens_prompt": 66,
          "falas_historico_disponiveis": 2,
          "falas_historico_mantidas": 2,
          "tokens_prefixo_fora_contexto_no_fim": 0,
          "segundos": 0.366
        }
      ],
      "historico": "autogerado, com limite de contexto do motor próprio"
    }
  ],
  "limite": "Candidato com poucos dados. Pode gerar texto incoerente ou inventar fatos. Histórico pode ser descartado pelo limite de 256 tokens."
}
